[backblue.gif]
[fade.gif]
[index.html]
[www.google-analytics.com/analytics.js]
[polyfill.io/v3/polyfill.min3a03.js]
[widget.trustpilot.com/bootstrap/v5/tp.widget.bootstrap.min.js]
[s3.eu-west-2.amazonaws.com/production.storage.ihateironing.com/static/images/app-stores/apple.png]
[s3.eu-west-2.amazonaws.com/production.storage.ihateironing.com/static/images/app-stores/google.png]
[s3.eu-west-2.amazonaws.com/production.storage.ihateironing.com/static/images/payments/payments-sprite-black.png]
[s3.eu-west-2.amazonaws.com/production.storage.ihateironing.com/static/js/libs.js]
[cdn.jsdelivr.net/npm/axios/dist/axios.min.js]
[s3.eu-west-2.amazonaws.com/production.storage.ihateironing.com/static/accounts/js/addresses.js]
[s3.eu-west-2.amazonaws.com/production.storage.ihateironing.com/static/packages/time-slot-picker.js]
[s3.eu-west-2.amazonaws.com/production.storage.ihateironing.com/static/orders/js/order-form.js]
[s3.eu-west-2.amazonaws.com/production.storage.ihateironing.com/static/vendor/vegas/dist/vegas.min.js]
[www.ihateironing.com/blog/index.html]
[s3.eu-west-2.amazonaws.com/production.storage.ihateironing.com/static/orders/js/order-home.10.delayed]
[s3.eu-west-2.amazonaws.com/production.storage.ihateironing.com/static/vendor/jquery/dist/jquery.matchHeight.11.delayed]
[s3.eu-west-2.amazonaws.com/production.storage.ihateironing.com/static/local_pages/js/local-services.js]
[www.ihateironing.com/index.html]
[www.googletagmanager.com/gtm5445.html]
[s3.eu-west-2.amazonaws.com/production.storage.ihateironing.com/static/packages/time-slot-picker.css]
[widget.trustpilot.com/bootstrap/v5/tp.widget.bootstrap.min.js]
[s3.eu-west-2.amazonaws.com/production.storage.ihateironing.com/static/about/js/prices.js]
[www.ihateironing.com/prices/index.html]
[s3.eu-west-2.amazonaws.com/production.storage.ihateironing.com/media/services/couch_qX7wa43.png]
[s3.eu-west-2.amazonaws.com/production.storage.ihateironing.com/media/services/jacket_iOl3mLd.png]
[s3.eu-west-2.amazonaws.com/production.storage.ihateironing.com/media/services/shirt_ffPBPIY.png]
[s3.eu-west-2.amazonaws.com/production.storage.ihateironing.com/media/services/laundry.png]
[s3.eu-west-2.amazonaws.com/production.storage.ihateironing.com/media/services/bed_NAq6oLQ.png]
[s3.eu-west-2.amazonaws.com/production.storage.ihateironing.com/media/services/Curtains_washing_icon_8cYLNUr.png]
[s3.eu-west-2.amazonaws.com/production.storage.ihateironing.com/media/services/shoe_aTKu5kT.png]
[s3.eu-west-2.amazonaws.com/production.storage.ihateironing.com/media/services/trainer_TZogT3z.png]
[s3.eu-west-2.amazonaws.com/production.storage.ihateironing.com/media/services/wedding-dress_1syVQa3.png]
[s3.eu-west-2.amazonaws.com/production.storage.ihateironing.com/media/services/alterations.png]
[s3.eu-west-2.amazonaws.com/production.storage.ihateironing.com/media/services/Leather_Suede_1.png]
[s3.eu-west-2.amazonaws.com/production.storage.ihateironing.com/media/services/Designer_mWYS9oM.png]
[s3.eu-west-2.amazonaws.com/production.storage.ihateironing.com/media/services/ironing_BkotDbb.png]
[www.ihateironing.com/services/index.html]
[www.ihateironing.com/areas/index.html]
[www.ihateironing.com/corporate/index.html]
[www.ihateironing.com/accounts/login/index.html]
[www.ihateironing.com/dry-cleaning-birmingham/index.html]
[www.ihateironing.com/dry-cleaners-brighton/index.html]
[www.ihateironing.com/dry-cleaning-edinburgh/index.html]
[www.ihateironing.com/dry-cleaners-london/index.html]
[www.ihateironing.com/dry-cleaning-new-york/index.html]
[www.ihateironing.com/dry-cleaners-oxford/index.html]
[www.ihateironing.com/wash-and-fold-near-me/index.html]
[www.ihateironing.com/same-day-dry-cleaning/index.html]
[www.ihateironing.com/dry-cleaners-near-me/index.html]
[s3.eu-west-2.amazonaws.com/production.storage.ihateironing.com/static/gifts/js/buy.js]
[www.ihateironing.com/gifts/index.html]
[s3.eu-west-2.amazonaws.com/production.storage.ihateironing.com/media/services/Household.jpg]
[s3.eu-west-2.amazonaws.com/production.storage.ihateironing.com/static/services/js/services.js]
[www.ihateironing.com/services/household-dry-cleaning/index.html]
[s3.eu-west-2.amazonaws.com/production.storage.ihateironing.com/media/services/hardini-lestari-510959-unsplash.jpg]
[www.ihateironing.com/services/dry-cleaning/index.html]
[s3.eu-west-2.amazonaws.com/production.storage.ihateironing.com/media/services/guesthugbackground.jpg]
[www.ihateironing.com/services/guesthug-laundry-services/index.html]
[s3.eu-west-2.amazonaws.com/production.storage.ihateironing.com/media/services/IHI__I_love_looking_sharp_67-_EJvZjvW.jpg]
[www.ihateironing.com/services/shirt-service/index.html]
[s3.eu-west-2.amazonaws.com/production.storage.ihateironing.com/media/services/Laundry.jpg]
[www.ihateironing.com/services/laundry/index.html]
[s3.eu-west-2.amazonaws.com/production.storage.ihateironing.com/media/services/IHI_I_love_me_time_50-.jpg]
[www.ihateironing.com/services/duvet-and-bed-linen-laundry/index.html]
[s3.eu-west-2.amazonaws.com/production.storage.ihateironing.com/media/services/Curtains_Cleaning_Ihateironing.jpg]
[www.ihateironing.com/services/curtain-cleaning/index.html]
[s3.eu-west-2.amazonaws.com/production.storage.ihateironing.com/media/services/IHI_I_love_perfect_order_59-.jpg]
[www.ihateironing.com/services/shoe-repairs/index.html]
[s3.eu-west-2.amazonaws.com/production.storage.ihateironing.com/media/services/Trainers.jpg]
[www.ihateironing.com/services/trainer-cleaning/index.html]
[s3.eu-west-2.amazonaws.com/production.storage.ihateironing.com/media/services/IHI_I_love_that_dress_78-.jpg]
[www.ihateironing.com/services/wedding-dress-cleaning/index.html]
[s3.eu-west-2.amazonaws.com/production.storage.ihateironing.com/media/services/IHI_I_hate_shop_sizes_32-.jpg]
[www.ihateironing.com/services/alterations/index.html]
[s3.eu-west-2.amazonaws.com/production.storage.ihateironing.com/media/services/LeatherSuede_2.jpg]
[www.ihateironing.com/services/leather-fur-and-suede/index.html]
[s3.eu-west-2.amazonaws.com/production.storage.ihateironing.com/media/services/designer_1.jpg]
[www.ihateironing.com/services/specialist-items/index.html]
[s3.eu-west-2.amazonaws.com/production.storage.ihateironing.com/media/services/Ironing_1.jpg]
[www.ihateironing.com/services/ironing/index.html]
[www.ihateironing.com/why-us/index.html]
[connect.facebook.net/en_US/sdk.js]
[www.ihateironing.com/blog/wp-content/cache/autoptimize/css/autoptimize_e502f31c1631555b89ee69b6120779b4.css]
[www.ihateironing.com/blog/wp-includes/css/dashicons.min.css]
[maxcdn.bootstrapcdn.com/font-awesome/4.3.0/css/font-awesome.min.css]
[www.ihateironing.com/blog/wp-includes/js/jquery/jquery.min.js]
[platform-api.sharethis.com/js/sharethis.js]
[www.ihateironing.com/blog/xmlrpc0db0.php]
[www.ihateironing.com/blog/wp-includes/wlwmanifest.xml]
[connect.facebook.net/en_US/fbevents.js]
[www.ihateironing.com/blog/wp-content/uploads/2020/01/cropped-IHI_icon_black_RGB-150x150.png]
[www.ihateironing.com/blog/wp-content/uploads/2020/01/cropped-IHI_icon_black_RGB-300x300.png]
[www.ihateironing.com/blog/wp-content/uploads/2020/05/cropped-logo.png]
[www.ihateironing.com/blog/wp-content/uploads/2022/03/Blog-Featured-image-500x280.png]
[www.ihateironing.com/blog/wp-content/uploads/2022/03/Blog-Featured-image-1-500x280.png]
[www.ihateironing.com/blog/wp-content/uploads/2021/09/IHI_insta_rescheduling_icon-330x245.jpg]
[www.ihateironing.com/blog/wp-content/uploads/2019/11/Picture1-330x245.jpg]
[www.ihateironing.com/blog/wp-content/uploads/2019/11/8389e7_cfef3d2761ca43dea2b64981976c48cb_mv2-330x245.jpg]
[www.ihateironing.com/blog/wp-content/uploads/2016/07/laundry-symbols_951x544-330x245.jpg]
[www.ihateironing.com/blog/wp-content/uploads/2020/11/IHI-delivery-vans-330x245.png]
[www.ihateironing.com/blog/wp-content/uploads/2016/08/dry-cleaning-machinee-330x245.png]
[www.ihateironing.com/blog/wp-content/uploads/2020/03/I-HATE-PLASTIC-WASTE-5-330x245.png]
[www.ihateironing.com/blog/wp-content/uploads/2020/04/essentials-facebook-330x245.png]
[www.ihateironing.com/blog/wp-content/uploads/2020/03/I-HATE-PLASTIC-WASTE-6-330x245.png]
[www.ihateironing.com/blog/wp-content/plugins/autoptimize/classes/external/js/lazysizes.mind69e.js]
[www.ihateironing.com/blog/wp-content/cache/autoptimize/js/autoptimize_single_4c50d82564880568f9c5e26a8ef39db5.js]
[www.ihateironing.com/blog/wp-content/cache/autoptimize/js/autoptimize_6c90dbd831c6ba501270ba3cc3248a2f.js]
[www.ihateironing.com/blog/index.html]
[www.ihateironing.com/reviews/index.html]
[www.ihateironing.com/careers/index.html]
[s3.eu-west-2.amazonaws.com/production.storage.ihateironing.com/static/about/images/press/living-room.jpg]
[s3-eu-west-1.amazonaws.com/ihateironing-assets/images/press/award.jpg]
[s3.eu-west-2.amazonaws.com/production.storage.ihateironing.com/static/about/images/press/award.jpg]
[s3-eu-west-1.amazonaws.com/ihateironing-assets/images/press/city-van.jpg]
[s3.eu-west-2.amazonaws.com/production.storage.ihateironing.com/static/about/images/press/city-van.jpg]
[s3-eu-west-1.amazonaws.com/ihateironing-assets/images/press/delivery.jpg]
[s3.eu-west-2.amazonaws.com/production.storage.ihateironing.com/static/about/images/press/delivery.jpg]
[s3-eu-west-1.amazonaws.com/ihateironing-assets/images/press/hangers.jpg]
[s3.eu-west-2.amazonaws.com/production.storage.ihateironing.com/static/about/images/press/hangers.jpg]
[s3-eu-west-1.amazonaws.com/ihateironing-assets/images/press/laptop.jpg]
[s3.eu-west-2.amazonaws.com/production.storage.ihateironing.com/static/about/images/press/laptop.jpg]
[s3-eu-west-1.amazonaws.com/ihateironing-assets/images/press/phone.png]
[s3.eu-west-2.amazonaws.com/production.storage.ihateironing.com/static/about/images/press/phone.png]
[s3-eu-west-1.amazonaws.com/ihateironing-assets/images/press/van.png]
[s3.eu-west-2.amazonaws.com/production.storage.ihateironing.com/static/about/images/press/van.jpg]
[s3.eu-west-2.amazonaws.com/production.storage.ihateironing.com/static/about/images/press/logo-black.png]
[s3.eu-west-2.amazonaws.com/production.storage.ihateironing.com/static/about/images/press/logo-white.png]
[s3.eu-west-2.amazonaws.com/production.storage.ihateironing.com/static/about/images/why-us/team.jpg]
[s3.eu-west-2.amazonaws.com/production.storage.ihateironing.com/static/about/images/team/matt.jpg]
[www.ihateironing.com/press/index.html]
[www.ihateironing.com/terms/index.html]
[www.ihateironing.com/privacy/index.html]
[www.ihateironing.com/wash-and-fold-nyc/index.html]
[www.ihateironing.com/south-london-dry-cleaning/index.html]
[www.ihateironing.com/south-east-london-dry-cleaning/index.html]
[www.ihateironing.com/south-west-london-dry-cleaning/index.html]
[www.ihateironing.com/dry-cleaners-clapham/index.html]
[www.ihateironing.com/dry-cleaners-seven-sisters/index.html]
[www.ihateironing.com/dry-cleaning-uptown-manhattan/index.html]
[www.ihateironing.com/dry-cleaners-abingdon/index.html]
[www.ihateironing.com/dry-cleaning-leyton-e10/index.html]
[www.ihateironing.com/dry-cleaners-gerrards-cross/index.html]
[www.ihateironing.com/dry-cleaners-twickenham/index.html]
[www.ihateironing.com/laundry-service-near-me/index.html]
[www.ihateironing.com/north-west-london-dry-cleaning/index.html]
[www.ihateironing.com/hertfordshire-dry-cleaning/index.html]
[www.ihateironing.com/harrow-dry-cleaning/index.html]
[www.ihateironing.com/balham-dry-cleaners/index.html]
[www.ihateironing.com/dry-cleaners-belmont-sm2/index.html]
[www.ihateironing.com/dry-cleaners-wimbledon/index.html]
[www.ihateironing.com/dry-cleaners-bracknell/index.html]
[www.ihateironing.com/dry-cleaners-brompton/index.html]
[www.ihateironing.com/dry-cleaning-upper-west-side/index.html]
[www.ihateironing.com/essex-dry-cleaning/index.html]
[www.ihateironing.com/kent-dry-cleaning/index.html]
[www.ihateironing.com/dry-cleaners-canary-wharf/index.html]
[www.ihateironing.com/brixton-dry-cleaners/index.html]
[www.ihateironing.com/acton-dry-cleaners/index.html]
[www.ihateironing.com/dry-cleaning-manhattan/index.html]
[www.ihateironing.com/dry-cleaners-epsom/index.html]
[www.ihateironing.com/belgravia-dry-cleaning/index.html]
[www.ihateironing.com/dry-cleaners-burgess-hill/index.html]
[www.ihateironing.com/croydon-dry-cleaning/index.html]
[www.ihateironing.com/surrey-dry-cleaning/index.html]
[www.ihateironing.com/east-london-dry-cleaning/index.html]
[www.ihateironing.com/west-london-dry-cleaning/index.html]
[www.ihateironing.com/central-london-dry-cleaners/index.html]
[www.ihateironing.com/dry-cleaners-watford/index.html]
[www.ihateironing.com/dry-cleaners-morningside-heights/index.html]
[www.ihateironing.com/dry-cleaners-canning-town/index.html]
[www.ihateironing.com/dry-cleaners-hove/index.html]
[www.ihateironing.com/dry-cleaning-brooklyn/index.html]
[www.ihateironing.com/dry-cleaning-harpenden-al5/index.html]
[s3.eu-west-2.amazonaws.com/production.storage.ihateironing.com/static/vendor/vegas/dist/overlays/02.png]
[s3.eu-west-2.amazonaws.com/production.storage.ihateironing.com/static/vendor/vegas/dist/vegas.min.css]
[s3.eu-west-2.amazonaws.com/production.storage.ihateironing.com/static/about/images/bg/bridge.jpg]
[s3.eu-west-2.amazonaws.com/production.storage.ihateironing.com/static/careers/images/header-careers.jpg]
[s3.eu-west-2.amazonaws.com/production.storage.ihateironing.com/static/about/images/corporate/city.jpg]
[s3.eu-west-2.amazonaws.com/production.storage.ihateironing.com/static/orders/images/bg/dashboard.jpg]
[s3.eu-west-2.amazonaws.com/production.storage.ihateironing.com/static/about/images/bg/van-desktop.jpg]
[s3.eu-west-2.amazonaws.com/production.storage.ihateironing.com/static/about/images/prices/shirts.jpg]
[s3.eu-west-2.amazonaws.com/production.storage.ihateironing.com/static/about/images/why-us/coffee.jpg]
[s3.eu-west-2.amazonaws.com/production.storage.ihateironing.com/static/about/images/team/helen.jpg]
[s3.eu-west-2.amazonaws.com/production.storage.ihateironing.com/static/about/images/team/sona.jpg]
[s3.eu-west-2.amazonaws.com/production.storage.ihateironing.com/static/about/images/team/andre.jpg]
[s3.eu-west-2.amazonaws.com/production.storage.ihateironing.com/static/about/images/team/jonny.jpg]
[s3.eu-west-2.amazonaws.com/production.storage.ihateironing.com/static/about/images/team/rachel.jpg]
[s3.eu-west-2.amazonaws.com/production.storage.ihateironing.com/static/about/images/team/malin.jpg]
[s3.eu-west-2.amazonaws.com/production.storage.ihateironing.com/static/orders/images/bg/pending-desktop.jpg]
[s3.eu-west-2.amazonaws.com/production.storage.ihateironing.com/static/css/styles.css]
[www.ihateironing.com/xhr.html]
[www.ihateironing.com/GET/index.html]
[www.ihateironing.com/lib/widget-management.html]
[www.ihateironing.com/dry-cleaning-72nd-street/index.html]
[www.ihateironing.com/blog/wp-json/index.html]
[www.ihateironing.com/blog/page/2/index.html]
[www.ihateironing.com/dry-cleaning-73rd-street/index.html]
[www.ihateironing.com/blog/2022/03/23/index.html]
[www.ihateironing.com/dry-cleaning-74th-street/index.html]
[www.ihateironing.com/blog/keeping-a-clean-house-with-dogs/index.html]
[www.ihateironing.com/blog/tag/treatyourpets/index.html]
[www.ihateironing.com/abbey-wood-dry-cleaners/index.html]
[www.ihateironing.com/blog/re-schedule-order/index.html]
[www.ihateironing.com/blog/2022/03/08/index.html]
[www.ihateironing.com/Abbots-langely-dry-cleaners/index.html]
[www.ihateironing.com/blog/break-the-bias/index.html]
[www.ihateironing.com/blog/tag/ilovesmallbusinesses/index.html]
[www.ihateironing.com/dry-cleaners-addlestone-kt15/index.html]
[www.ihateironing.com/blog/2021/10/25/index.html]
[www.ihateironing.com/blog/2021/07/15/index.html]
[www.ihateironing.com/dry-cleaners-aldgate-e1/index.html]
[www.ihateironing.com/blog/dry-cleaning-clothes-for-interviews/index.html]
[www.ihateironing.com/blog/2020/12/09/index.html]
[www.ihateironing.com/dry-cleaning-amber-road/index.html]
[www.ihateironing.com/blog/10things-about-dry-cleaning/index.html]
[www.ihateironing.com/blog/2020/11/07/index.html]
[www.ihateironing.com/dry-cleaning-anerley-se20/index.html]
[www.ihateironing.com/blog/laundry-symbols-explained/index.html]
[www.ihateironing.com/blog/2020/11/04/index.html]
[www.ihateironing.com/dry-cleaners-angel/index.html]
[www.ihateironing.com/blog/covid-19-update-november-2020/index.html]
[www.ihateironing.com/blog/2020/08/01/index.html]
[www.ihateironing.com/dry-cleaning-annandale/index.html]
[www.ihateironing.com/blog/what-is-dry-cleaning/index.html]
[www.ihateironing.com/blog/2020/06/10/index.html]
[www.ihateironing.com/archway-dry-cleaning/index.html]
[www.ihateironing.com/blog/eco-initiatives-to-life/index.html]
[www.ihateironing.com/blog/2020/04/03/index.html]
[www.ihateironing.com/dry-cleaning-kings-cross-ardmore/index.html]
[www.ihateironing.com/ariana-dry-cleaners/index.html]
[www.ihateironing.com/arnos-grove-dry-cleaning/index.html]
[www.ihateironing.com/dry-cleaners-ascot/index.html]
[www.ihateironing.com/dry-cleaning-balestier/index.html]
[www.ihateironing.com/dry-cleaning-ballsbridge/index.html]
[www.ihateironing.com/dry-cleaning-balmain/index.html]
[www.ihateironing.com/dry-cleaners-bank-ec3/index.html]
[www.ihateironing.com/barbican-dry-cleaners/index.html]
[www.ihateironing.com/barking-dry-cleaning/index.html]
[www.ihateironing.com/barkingside-dry-cleaning/index.html]
[www.ihateironing.com/barnes-dry-cleaning/index.html]
[www.ihateironing.com/barnet-dry-cleaning/index.html]
[www.ihateironing.com/dry-cleaners-basildon/index.html]
[www.ihateironing.com/dry-cleaning-bath/index.html]
[www.ihateironing.com/dry-cleaners-battersea/index.html]
[www.ihateironing.com/dry-cleaners-bayswater/index.html]
[www.ihateironing.com/beckenham-dry-cleaners/index.html]
[www.ihateironing.com/dry-cleaners-beckton/index.html]
[www.ihateironing.com/dry-cleaning-becontree/index.html]
[www.ihateironing.com/dry-cleaners-beddington/index.html]
[www.ihateironing.com/dry-cleaning-bellevue-hill/index.html]
[www.ihateironing.com/dry-cleaners-belsize-park/index.html]
[www.ihateironing.com/belvedere-dry-cleaning/index.html]
[www.ihateironing.com/dry-cleaners-berkshire/index.html]
[www.ihateironing.com/bermondsey-dry-cleaning/index.html]
[www.ihateironing.com/bethnal-green-dry-cleaners/index.html]
[www.ihateironing.com/bexley-dry-cleaning/index.html]
[www.ihateironing.com/bexleyheath-dry-cleaning/index.html]
[www.ihateironing.com/biggin-hill-dry-cleaning/index.html]
[www.ihateironing.com/dry-cleaning-blackheath-se3/index.html]
[www.ihateironing.com/dry-cleaning-blackrock/index.html]
[www.ihateironing.com/dry-cleaning-bloomsbury-wc1/index.html]
[www.ihateironing.com/dry-cleaning-bondi/index.html]
[www.ihateironing.com/borehamwood-dry-cleaners/index.html]
[www.ihateironing.com/bounds-green-dry-cleaning/index.html]
[www.ihateironing.com/dry-cleaning-bow/index.html]
[www.ihateironing.com/brent-dry-cleaning-ha9/index.html]
[www.ihateironing.com/brent-cross-dry-cleaners/index.html]
[www.ihateironing.com/brentford-dry-cleaning/index.html]
[www.ihateironing.com/brent-park-dry-cleaning/index.html]
[www.ihateironing.com/brentwood-dry-cleaners/index.html]
[www.ihateironing.com/dry-cleaners-brick-lane/index.html]
[www.ihateironing.com/dry-cleaning-broadway/index.html]
[www.ihateironing.com/brockley-dry-cleaners-se4/index.html]
[www.ihateironing.com/dry-cleaners-bromley/index.html]
[www.ihateironing.com/Bromley-by-bow-Dry-Cleaners/index.html]
[www.ihateironing.com/dry-cleaners-bronte/index.html]
[www.ihateironing.com/dry-cleaners-brookmans-park/index.html]
[www.ihateironing.com/buckhurst-hill-dry-cleaning/index.html]
[www.ihateironing.com/buckinghamshire/index.html]
[www.ihateironing.com/dry-cleaning-bukit-timah/index.html]
[www.ihateironing.com/dry-cleaning-bushey/index.html]
[www.ihateironing.com/dry-cleaning-bushwick/index.html]
[www.ihateironing.com/dry-cleaning-camberley/index.html]
[www.ihateironing.com/camberwell-dry-cleaning/index.html]
[www.ihateironing.com/camden-dry-cleaners/index.html]
[www.ihateironing.com/canada-water-dry-cleaning/index.html]
[www.ihateironing.com/dry-cleaners-cannon-street/index.html]
[www.ihateironing.com/dry-cleaning-canonbury/index.html]
[www.ihateironing.com/dry-cleaning-canonmills/index.html]
[www.ihateironing.com/carshaltondrycleaners/index.html]
[www.ihateironing.com/dry-cleaners-caterham/index.html]
[www.ihateironing.com/dry-cleaners-catford/index.html]
[www.ihateironing.com/dry-cleaning-cecil/index.html]
[www.ihateironing.com/chadwell-dry-cleaning/index.html]
[www.ihateironing.com/dry-cleaning-charlton/index.html]
[www.ihateironing.com/dry-cleaning-chatswood/index.html]
[www.ihateironing.com/cheam-dry-cleaners/index.html]
[www.ihateironing.com/dry-cleaners-chelmsford/index.html]
[www.ihateironing.com/chelsea-dry-cleaners/index.html]
[www.ihateironing.com/chelsea-green-valet/index.html]
[www.ihateironing.com/dry-cleaning-chelsea/index.html]
[www.ihateironing.com/chertsey-dry-cleaners/index.html]
[www.ihateironing.com/dry-cleaning-chessington-kt9/index.html]
[www.ihateironing.com/blog/2020/03/18/index.html]
[www.ihateironing.com/blog/essentials-box-delivery-service/index.html]
[www.ihateironing.com/blog/reusable-covers/index.html]
[www.ihateironing.com/dry-cleaning-chicago/index.html]
[www.ihateironing.com/chigwell-dry-cleaning/index.html]
[www.ihateironing.com/dry-cleaners-chinatown/index.html]
[www.ihateironing.com/chingford-dry-cleaning/index.html]
[www.ihateironing.com/dry-cleaners-chislehurst/index.html]
[www.ihateironing.com/chiswick-dry-cleaning/index.html]
[www.ihateironing.com/dry-cleaners-clapham-common/index.html]
[www.ihateironing.com/clapham-junction-dry-cleaning/index.html]
[www.ihateironing.com/dry-cleaners-clapham-south/index.html]
[www.ihateironing.com/clapton-dry-cleaners/index.html]
[www.ihateironing.com/clayhall-dry-cleaning/index.html]
[www.ihateironing.com/dry-cleaning-clementi-new-town/index.html]
[www.ihateironing.com/dry-cleaning-clerkenwell-ec1/index.html]
[www.ihateironing.com/dry-cleaning-clinton/index.html]
[www.ihateironing.com/dry-cleaners-cobham/index.html]
[www.ihateironing.com/cockfosters-dry-cleaning/index.html]
[www.ihateironing.com/dry-cleaning-colindale/index.html]
[www.ihateironing.com/collier-row-dry-cleaning/index.html]
[www.ihateironing.com/dry-cleaning-colliers-wood/index.html]
[www.ihateironing.com/dry-cleaners-coulsdon-cr5/index.html]
[www.ihateironing.com/dry-cleaning-covent-garden/index.html]
[www.ihateironing.com/crayford-dry-cleaners/index.html]
[www.ihateironing.com/dry-cleaning-cricklewood/index.html]
[www.ihateironing.com/dry-cleaners-crofton-park/index.html]
[www.ihateironing.com/crouch-end-dry-cleaning/index.html]
[www.ihateironing.com/dry-cleaners-crystal-palace/index.html]
[www.ihateironing.com/cudham-dry-cleaners/index.html]
[www.ihateironing.com/dagenham-dry-cleaning/index.html]
[www.ihateironing.com/dry-cleaners-dalston-e8/index.html]
[www.ihateironing.com/dry-cleaners-darling-point/index.html]
[www.ihateironing.com/dry-cleaners-dartford/index.html]
[www.ihateironing.com/__default__/index.html]
[www.ihateironing.com/deptford-dry-cleaning/index.html]
[www.ihateironing.com/diamond-dry-cleaning/index.html]
[www.ihateironing.com/dry-cleaning-didcot/index.html]
[www.ihateironing.com/dry-cleaning-donnybrook/index.html]
[www.ihateironing.com/dry-cleaning-dover-heights/index.html]
[www.ihateironing.com/dry-cleaning-downtown/index.html]
[www.ihateironing.com/dry-cleaning-drumcondra/index.html]
[www.ihateironing.com/dry-cleaning-dublin/index.html]
[www.ihateironing.com/ducane-dry-cleaners/index.html]
[www.ihateironing.com/dulwich-dry-cleaners/index.html]
[www.ihateironing.com/ealing-dry-cleaning/index.html]
[www.ihateironing.com/dry-cleaning-earls-court-sw5/index.html]
[www.ihateironing.com/dry-cleaners-earlsfield/index.html]
[www.ihateironing.com/east/index.html]
[www.ihateironing.com/dry-cleaners-east-dulwich/index.html]
[www.ihateironing.com/dry-cleaning-east-finchley-n2/index.html]
[www.ihateironing.com/dry-cleaning-east-ham/index.html]
[www.ihateironing.com/east-sheen-dry-cleaning/index.html]
[www.ihateironing.com/dry-cleaning-east-village/index.html]
[www.ihateironing.com/edgware-dry-cleaning/index.html]
[www.ihateironing.com/dry-cleaners-edgware-road/index.html]
[www.ihateironing.com/edmonton-dry-cleaning/index.html]
[www.ihateironing.com/egham-dry-cleaning/index.html]
[www.ihateironing.com/elephant-and-castle-dry-cleaning/index.html]
[www.ihateironing.com/eltham-dry-cleaners/index.html]
[www.ihateironing.com/dry-cleaning-emerson-park-rm11/index.html]
[www.ihateironing.com/enfield-dry-cleaning/index.html]
[www.ihateironing.com/erith-dry-cleaning/index.html]
[www.ihateironing.com/esher-dry-cleaners/index.html]
[www.ihateironing.com/eton-dry-cleaning/index.html]
[www.ihateironing.com/dry-cleaners-euston/index.html]
[www.ihateironing.com/feltham-dry-cleaners/index.html]
[www.ihateironing.com/dry-cleaning-financial-district/index.html]
[www.ihateironing.com/dry-cleaners-finchley/index.html]
[www.ihateironing.com/finsbury-park-dry-cleaners/index.html]
[www.ihateironing.com/fitzrovia-dry-cleaning/index.html]
[www.ihateironing.com/dry-cleaning-flatiron-district/index.html]
[www.ihateironing.com/dry-cleaners-forest-gate/index.html]
[www.ihateironing.com/forest-hill-dry-cleaners/index.html]
[www.ihateironing.com/dry-cleaning-fort-lee/index.html]
[www.ihateironing.com/fulham-dry-cleaning/index.html]
[www.ihateironing.com/dry-cleaners-gants-hill/index.html]
[www.ihateironing.com/Garston-dry-cleaners/index.html]
[www.ihateironing.com/gidea-dry-cleaning/index.html]
[www.ihateironing.com/gold-dry-cleaners/index.html]
[www.ihateironing.com/golders-green-dry-cleaning/index.html]
[www.ihateironing.com/greater-london/index.html]
[www.ihateironing.com/dry-cleaning-greenpoint/index.html]
[www.ihateironing.com/greenwich-dry-cleaners/index.html]
[www.ihateironing.com/dry-cleaning-greenwich-village/index.html]
[www.ihateironing.com/dry-cleaning-grove-park-se12/index.html]
[www.ihateironing.com/dry-cleaning-guildford/index.html]
[www.ihateironing.com/dry-cleaning-hackensack/index.html]
[www.ihateironing.com/hackney-dry-cleaners/index.html]
[www.ihateironing.com/dry-cleaners-haggerston/index.html]
[www.ihateironing.com/dry-cleaners-hainault/index.html]
[www.ihateironing.com/dry-cleaning-ham-tw10/index.html]
[www.ihateironing.com/hammersmith-dry-cleaning/index.html]
[www.ihateironing.com/hampstead-dry-cleaning/index.html]
[www.ihateironing.com/hampton-dry-cleaners/index.html]
[www.ihateironing.com/dry-cleaning-hanwell-w7/index.html]
[www.ihateironing.com/haringey-dry-cleaning/index.html]
[www.ihateironing.com/dry-cleaning-harlem/index.html]
[www.ihateironing.com/harlesden-dry-cleaners/index.html]
[www.ihateironing.com/dry-cleaners-harold-wood/index.html]
[www.ihateironing.com/harrow-on-the-hill-dry-cleaning/index.html]
[www.ihateironing.com/hatfield-dry-cleaning/index.html]
[www.ihateironing.com/dry-cleaning-hatton-tw14/index.html]
[www.ihateironing.com/havering-bower-dry-cleaning/index.html]
[www.ihateironing.com/dry-cleaning-hayes/index.html]
[www.ihateironing.com/dry-cleaners-haywards-heath/index.html]
[www.ihateironing.com/dry-cleaning-heathrow-tw6/index.html]
[www.ihateironing.com/dry-cleaning-hells-kitchen/index.html]
[www.ihateironing.com/hemel-hempstead-dry-cleaners/index.html]
[www.ihateironing.com/hendon-dry-cleaning/index.html]
[www.ihateironing.com/herne-hill-dry-cleaning/index.html]
[www.ihateironing.com/dry-cleaning-heston-tw5/index.html]
[www.ihateironing.com/highams-park-dry-cleaners/index.html]
[www.ihateironing.com/dry-cleaners-highbury/index.html]
[www.ihateironing.com/highgate-dry-cleaning/index.html]
[www.ihateironing.com/dry-cleaning-high-wycombe/index.html]
[www.ihateironing.com/hillingdon-dry-cleaners/index.html]
[www.ihateironing.com/dry-cleaning-hither-green/index.html]
[www.ihateironing.com/holborn-dry-cleaning/index.html]
[www.ihateironing.com/dry-cleaners-holland-park/index.html]
[www.ihateironing.com/dry-cleaning-holland-road/index.html]
[www.ihateironing.com/holloway-dry-cleaners/index.html]
[www.ihateironing.com/dry-cleaners-homerton-e9/index.html]
[www.ihateironing.com/dry-cleaning-hong-leong-garden/index.html]
[www.ihateironing.com/honor-oak-dry-cleaners/index.html]
[www.ihateironing.com/dry-cleaners-honor-oak-park-se4/index.html]
[www.ihateironing.com/dry-cleaning-hornchurch-rm12/index.html]
[www.ihateironing.com/hornsey-dry-cleaners/index.html]
[www.ihateironing.com/hounslow-dry-cleaning/index.html]
[www.ihateironing.com/dry-cleaners-hoxton/index.html]
[www.ihateironing.com/dry-cleaning-hunters-hill/index.html]
[www.ihateironing.com/ilford-dry-cleaning/index.html]
[www.ihateironing.com/dry-cleaning-inwood/index.html]
[www.ihateironing.com/dry-cleaners-isle-of-dogs/index.html]
[www.ihateironing.com/dry-cleaners-isleworth/index.html]
[www.ihateironing.com/islington-dry-cleaning/index.html]
[www.ihateironing.com/jeeves-of-belgravia/index.html]
[www.ihateironing.com/dry-cleaning-joo-chiat/index.html]
[www.ihateironing.com/dry-cleaning-katong/index.html]
[www.ihateironing.com/dry-cleaning-kemptown/index.html]
[www.ihateironing.com/kennington-dry-cleaners/index.html]
[www.ihateironing.com/kensington-dry-cleaners/index.html]
[www.ihateironing.com/kensington-and-chelsea/index.html]
[www.ihateironing.com/kentish-town-dry-cleaners/index.html]
[www.ihateironing.com/dry-cleaning-keston-br2/index.html]
[www.ihateironing.com/kew-dry-cleaning/index.html]
[www.ihateironing.com/dry-cleaners-kilburn/index.html]
[www.ihateironing.com/dry-cleaning-kings-cross-sydney/index.html]
[www.ihateironing.com/dry-cleaners-kingsbury/index.html]
[www.ihateironing.com/dry-cleaners-kings-cross/index.html]
[www.ihateironing.com/Kings-Langely-dry-cleaners/index.html]
[www.ihateironing.com/kingston-dry-cleaning/index.html]
[www.ihateironing.com/dry-cleaners-knightsbridge/index.html]
[www.ihateironing.com/knights-dry-cleaners/index.html]
[www.ihateironing.com/dry-cleaning-ladbroke-grove/index.html]
[www.ihateironing.com/lambeth-dry-cleaning/index.html]
[www.ihateironing.com/dry-cleaning-lane-cove/index.html]
[www.ihateironing.com/dry-cleaners-lee-se12/index.html]
[www.ihateironing.com/dry-cleaning-leith/index.html]
[www.ihateironing.com/lewisham-dry-cleaning/index.html]
[www.ihateironing.com/dry-cleaning-leytonstone/index.html]
[www.ihateironing.com/liverpool-street-dry-cleaners/index.html]
[www.ihateironing.com/dry-cleaners-london-bridge/index.html]
[www.ihateironing.com/dry-cleaning-london-colney-al2/index.html]
[www.ihateironing.com/dry-cleaning-lower-east-side/index.html]
[www.ihateironing.com/dry-cleaning-lower-edmonton-n9/index.html]
[www.ihateironing.com/maida-vale-dry-cleaning/index.html]
[www.ihateironing.com/dry-cleaners-maidenhead/index.html]
[www.ihateironing.com/manor-park-dry-cleaners/index.html]
[www.ihateironing.com/dry-cleaning-marina/index.html]
[www.ihateironing.com/Marylebone-dry-cleaning/index.html]
[www.ihateironing.com/mayfair-dry-cleaning/index.html]
[www.ihateironing.com/dry-cleaning-merchiston/index.html]
[www.ihateironing.com/merton/index.html]
[www.ihateironing.com/dry-cleaning-middle-cove/index.html]
[www.ihateironing.com/dry-cleaning-midtown/index.html]
[www.ihateironing.com/dry-cleaners-mile-end/index.html]
[www.ihateironing.com/dry-cleaners-mill-hill/index.html]
[www.ihateironing.com/mitcham-dry-cleaning/index.html]
[www.ihateironing.com/dry-cleaners-molesey/index.html]
[www.ihateironing.com/dry-cleaning-moorgate-ec1/index.html]
[www.ihateironing.com/dry-cleaners-morden/index.html]
[www.ihateironing.com/dry-cleaning-morningside/index.html]
[www.ihateironing.com/mortlake-dry-cleaning/index.html]
[www.ihateironing.com/dry-cleaning-murray-hill/index.html]
[www.ihateironing.com/muswell-hill-dry-cleaning/index.html]
[www.ihateironing.com/Nascot-Wood-dry-cleaning/index.html]
[www.ihateironing.com/dry-cleaners-new-cross-se14/index.html]
[www.ihateironing.com/new-cross-gate-dry-cleaners/index.html]
[www.ihateironing.com/newham/index.html]
[www.ihateironing.com/dry-cleaning-new-jersey/index.html]
[www.ihateironing.com/new-maldon-dry-cleaning/index.html]
[www.ihateironing.com/dry-cleaning-new-southgate-n11/index.html]
[www.ihateironing.com/dry-cleaning-newton/index.html]
[www.ihateironing.com/dry-cleaning-norbury/index.html]
[www.ihateironing.com/dry-cleaning-northbridge/index.html]
[www.ihateironing.com/north-east-london-dry-cleaning/index.html]
[www.ihateironing.com/dry-cleaners-north-finchley/index.html]
[www.ihateironing.com/dry-cleaners-north-kensington-w10/index.html]
[www.ihateironing.com/north-kingston-dry-cleaning/index.html]
[www.ihateironing.com/north-london-dry-cleaning/index.html]
[www.ihateironing.com/northolt-dry-cleaners/index.html]
[www.ihateironing.com/northwood-dry-cleaners/index.html]
[www.ihateironing.com/dry-cleaners-north-woolwich/index.html]
[www.ihateironing.com/dry-cleaning-norwood-se19/index.html]
[www.ihateironing.com/dry-cleaners-norwood-green/index.html]
[www.ihateironing.com/dry-cleaners-notting-hill/index.html]
[www.ihateironing.com/dry-cleaning-novena/index.html]
[www.ihateironing.com/nunhead-dry-cleaning/index.html]
[www.ihateironing.com/oakwood-dry-cleaning/index.html]
[www.ihateironing.com/ocean-dry-cleaners/index.html]
[www.ihateironing.com/dry-cleaning-old-street/index.html]
[www.ihateironing.com/old-welwyn-dry-cleaning/index.html]
[www.ihateironing.com/dry-cleaners-orpington-br6/index.html]
[www.ihateironing.com/oval-dry-cleaners/index.html]
[www.ihateironing.com/dry-cleaning-oxfordshire/index.html]
[www.ihateironing.com/paddington-dry-cleaning/index.html]
[www.ihateironing.com/dry-cleaning-paddington-sydney/index.html]
[www.ihateironing.com/palmers-green-dry-cleaning/index.html]
[www.ihateironing.com/park-royal-dry-cleaners/index.html]
[www.ihateironing.com/dry-cleaning-pasir-panjang/index.html]
[www.ihateironing.com/dry-cleaners-peckham/index.html]
[www.ihateironing.com/Penge-dry-cleaners/index.html]
[www.ihateironing.com/dry-cleaning-peoples-park/index.html]
[www.ihateironing.com/dry-cleaning-perivale-ub6/index.html]
[www.ihateironing.com/dry-cleaners-peterborough/index.html]
[www.ihateironing.com/pimlico-dry-cleaning/index.html]
[www.ihateironing.com/dry-cleaners-pinner/index.html]
[www.ihateironing.com/dry-cleaning-plaistow/index.html]
[www.ihateironing.com/ponders-end-dry-cleaning/index.html]
[www.ihateironing.com/dry-cleaners-poplar-e14/index.html]
[www.ihateironing.com/potters-crouch-dry-cleaning/index.html]
[www.ihateironing.com/prime-dry-cleaners/index.html]
[www.ihateironing.com/purley-dry-cleaners/index.html]
[www.ihateironing.com/putney-dry-cleaners/index.html]
[www.ihateironing.com/radlett-dry-cleaning/index.html]
[www.ihateironing.com/dry-cleaning-raffles-place/index.html]
[www.ihateironing.com/dry-cleaning-rainham-rm13/index.html]
[www.ihateironing.com/dry-cleaning-ranelagh/index.html]
[www.ihateironing.com/dry-cleaners-rayners-lane/index.html]
[www.ihateironing.com/raynes-park-dry-cleaning/index.html]
[www.ihateironing.com/dry-cleaning-reading/index.html]
[www.ihateironing.com/dry-cleaners-redbridge/index.html]
[www.ihateironing.com/richmond-dry-cleaning/index.html]
[www.ihateironing.com/rickmansworth/index.html]
[www.ihateironing.com/dry-cleaning-roehampton/index.html]
[www.ihateironing.com/dry-cleaners-romford-rm1/index.html]
[www.ihateironing.com/dry-cleaning-rose-bay/index.html]
[www.ihateironing.com/rotherhithe-dry-cleaners/index.html]
[www.ihateironing.com/dry-cleaning-ruislip-ha4/index.html]
[www.ihateironing.com/dry-cleaners-rush-green/index.html]
[www.ihateironing.com/sanderstead/index.html]
[www.ihateironing.com/selsdon-dry-cleaning/index.html]
[www.ihateironing.com/dry-cleaning-serangoon/index.html]
[www.ihateironing.com/dry-cleaners-seven-kings-ig3/index.html]
[www.ihateironing.com/dry-cleaners-sevenoaks/index.html]
[www.ihateironing.com/dry-cleaners-shadwell/index.html]
[www.ihateironing.com/shepherds-bush-dry-cleaning/index.html]
[www.ihateironing.com/shepperton-dry-cleaners/index.html]
[www.ihateironing.com/dry-cleaning-shoreditch/index.html]
[www.ihateironing.com/sidcup-dry-cleaners/index.html]
[www.ihateironing.com/silvertown-dry-cleaning/index.html]
[www.ihateironing.com/dry-cleaners-singapore/index.html]
[www.ihateironing.com/slough-dry-cleaners/index.html]
[www.ihateironing.com/snaresbrook-dry-cleaning/index.html]
[www.ihateironing.com/soho-dry-cleaning/index.html]
[www.ihateironing.com/dry-cleaning-soho/index.html]
[www.ihateironing.com/dry-cleaners-solihull/index.html]
[www.ihateironing.com/southall-dry-cleaning/index.html]
[www.ihateironing.com/dry-cleaners-south-bermondsey/index.html]
[www.ihateironing.com/dry-cleaning-southborough/index.html]
[www.ihateironing.com/south-east/index.html]
[www.ihateironing.com/southend-on-sea/index.html]
[www.ihateironing.com/southgate-dry-cleaning/index.html]
[www.ihateironing.com/dry-cleaning-south-kensington/index.html]
[www.ihateironing.com/dry-cleaners-south-lambeth-sw8/index.html]
[www.ihateironing.com/south-norwood-dry-cleaners/index.html]
[www.ihateironing.com/south-tottenham-dry-cleaning/index.html]
[www.ihateironing.com/southwark-dry-cleaning/index.html]
[www.ihateironing.com/dry-cleaning-south-woodford-e18/index.html]
[www.ihateironing.com/spitalfields-dry-cleaning/index.html]
[www.ihateironing.com/spotifyp/index.html]
[www.ihateironing.com/spotifycw/index.html]
[www.ihateironing.com/staines-dry-cleaning/index.html]
[www.ihateironing.com/st-albans-dry-cleaning/index.html]
[www.ihateironing.com/dry-cleaning-stamford-hill-n16/index.html]
[www.ihateironing.com/dry-cleaning-stanmore/index.html]
[www.ihateironing.com/st-johns-wood-dry-cleaning/index.html]
[www.ihateironing.com/dry-cleaners-st-katharine-docks/index.html]
[www.ihateironing.com/dry-cleaning-stleonards/index.html]
[www.ihateironing.com/dry-cleaners-st-mary-cray/index.html]
[www.ihateironing.com/stockwell-dry-cleaners/index.html]
[www.ihateironing.com/dry-cleaners-stoke-newington/index.html]
[www.ihateironing.com/dry-cleaning-strand-wc2/index.html]
[www.ihateironing.com/stratford-dry-cleaning/index.html]
[www.ihateironing.com/streatham-dry-cleaners/index.html]
[www.ihateironing.com/dry-cleaning-sunbury-on-thames-tw16/index.html]
[www.ihateironing.com/sunningdale/index.html]
[www.ihateironing.com/surbiton-dry-cleaners/index.html]
[www.ihateironing.com/dry-cleaners-surrey-docks-se16/index.html]
[www.ihateironing.com/surrey-quays-dry-cleaning/index.html]
[www.ihateironing.com/sutton-dry-cleaners/index.html]
[www.ihateironing.com/sydenham-dry-cleaners/index.html]
[www.ihateironing.com/dry-cleaners-sydney/index.html]
[www.ihateironing.com/dry-cleaning-tanglin/index.html]
[www.ihateironing.com/teddington-dry-cleaning/index.html]
[www.ihateironing.com/dry-cleaners-thames-ditton/index.html]
[www.ihateironing.com/dry-cleaning-thamesmead-se28/index.html]
[www.ihateironing.com/the-press-gang/index.html]
[www.ihateironing.com/dry-cleaning-thomson/index.html]
[www.ihateironing.com/dry-cleaning-toa-payoh/index.html]
[www.ihateironing.com/dry-cleaners-tonbridge/index.html]
[www.ihateironing.com/tooting-dry-cleaning/index.html]
[www.ihateironing.com/dry-cleaners-tottenham/index.html]
[www.ihateironing.com/dry-cleaners-totteridge/index.html]
[www.ihateironing.com/tower-hamlets/index.html]
[www.ihateironing.com/dry-cleaners-tower-hill-ec3/index.html]
[www.ihateironing.com/dry-cleaners-tribeca/index.html]
[www.ihateironing.com/tufnell-park-dry-cleaners/index.html]
[www.ihateironing.com/dry-cleaning-tulse-hill/index.html]
[www.ihateironing.com/dry-cleaners-tunbridge-wells/index.html]
[www.ihateironing.com/dry-cleaning-upminster-rm14/index.html]
[www.ihateironing.com/upper-east-side-dry-cleaning/index.html]
[www.ihateironing.com/upper-holloway/index.html]
[www.ihateironing.com/upper-manhattan-dry-cleaning/index.html]
[www.ihateironing.com/upton-park-dry-cleaners/index.html]
[www.ihateironing.com/uxbridge-dry-cleaning/index.html]
[www.ihateironing.com/dry-cleaning-vaucluse/index.html]
[www.ihateironing.com/dry-cleaners-vauxhall/index.html]
[www.ihateironing.com/dry-cleaners-victoria-sw1/index.html]
[www.ihateironing.com/dry-cleaning-victoria-docks/index.html]
[www.ihateironing.com/dry-cleaners-victoria-park/index.html]
[www.ihateironing.com/dry-cleaners-wallington/index.html]
[www.ihateironing.com/walthamstow-dry-cleaners/index.html]
[www.ihateironing.com/walton-on-thames-dry-cleaning/index.html]
[www.ihateironing.com/dry-cleaning-walworth-se17/index.html]
[www.ihateironing.com/dry-cleaners-wandsworth/index.html]
[www.ihateironing.com/wanstead-dry-cleaning/index.html]
[www.ihateironing.com/wapping-dry-cleaners/index.html]
[www.ihateironing.com/dry-cleaners-warlingham/index.html]
[www.ihateironing.com/dry-cleaning-washington-heights/index.html]
[www.ihateironing.com/dry-cleaners-waterloo/index.html]
[www.ihateironing.com/dry-cleaning-watten-estate/index.html]
[www.ihateironing.com/dry-cleaners-wealdstone-ha3/index.html]
[www.ihateironing.com/welling-dry-cleaners/index.html]
[www.ihateironing.com/dry-cleaners-welwyn-garden-city/index.html]
[www.ihateironing.com/dry-cleaning-wembley/index.html]
[www.ihateironing.com/dry-cleaners-west-brompton-sw10/index.html]
[www.ihateironing.com/dry-cleaning-westcombe-park-se3/index.html]
[www.ihateironing.com/west-drayton-dry-cleaning/index.html]
[www.ihateironing.com/west-ealing-dry-cleaning/index.html]
[www.ihateironing.com/dry-cleaners-west-ham/index.html]
[www.ihateironing.com/dry-cleaning-west-hampstead-nw6/index.html]
[www.ihateironing.com/west-kensington-dry-cleaners/index.html]
[www.ihateironing.com/westminster-dry-cleaning/index.html]
[www.ihateironing.com/west-norwood-dry-cleaning/index.html]
[www.ihateironing.com/dry-cleaning-west-village/index.html]
[www.ihateironing.com/dry-cleaners-west-wickham-br4/index.html]
[www.ihateironing.com/dry-cleaning-weybridge/index.html]
[www.ihateironing.com/whetstone-dry-cleaners/index.html]
[www.ihateironing.com/dry-cleaners-whitechapel/index.html]
[www.ihateironing.com/whitton-dry-cleaning/index.html]
[www.ihateironing.com/williamsburg-dry-cleaners/index.html]
[www.ihateironing.com/dry-cleaners-winchmore-hill-n21/index.html]
[www.ihateironing.com/dry-cleaning-windlesham/index.html]
[www.ihateironing.com/windsor-dry-cleaning/index.html]
[www.ihateironing.com/dry-cleaners-woking/index.html]
[www.ihateironing.com/dry-cleaners-wokingham/index.html]
[www.ihateironing.com/woodford-dry-cleaning/index.html]
[www.ihateironing.com/woodford-green-dry-cleaners/index.html]
[www.ihateironing.com/dry-cleaning-wood-green/index.html]
[www.ihateironing.com/dry-cleaning-woodingdean/index.html]
[www.ihateironing.com/woolwich-dry-cleaners/index.html]
[www.ihateironing.com/dry-cleaning-woolwich-sydney/index.html]
[www.ihateironing.com/worcester-park-dry-cleaning/index.html]
[www.ihateironing.com/dry-cleaning-worlds-end/index.html]
[www.ihateironing.com/yeading-dry-cleaning/index.html]
[www.ihateironing.com/accounts/password-reset/index.html]
[connect.facebook.net/en_US/sdk.js]
[www.ihateironing.com/blog/wp-content/cache/autoptimize/css/autoptimize_e502f31c1631555b89ee69b6120779b4.css]
[www.ihateironing.com/blog/wp-content/uploads/2020/03/Canva-Holding-an-Elderly-Hand-with-Care-1-500x280.jpg]
[www.ihateironing.com/blog/page/3/index.html]
[www.ihateironing.com/blog/wp-content/uploads/2020/03/17212259b6a13522d92ca2a5891ff73c1bde7b-500x280.jpg]
[www.ihateironing.com/blog/2020/03/13/index.html]
[www.ihateironing.com/blog/doing-our-bit/index.html]
[www.ihateironing.com/blog/wp-content/uploads/2020/02/classic-clothes-shoes-330x245.png]
[www.ihateironing.com/blog/can-pull-reigns-fast-fashion/index.html]
[www.ihateironing.com/blog/wp-content/uploads/2020/01/ihi-330x245.jpg]
[www.ihateironing.com/blog/message-ceo-customers/index.html]
[www.ihateironing.com/blog/2020/02/05/index.html]
[www.ihateironing.com/blog/wp-content/uploads/2018/07/Picture2-330x245.jpg]
[www.ihateironing.com/blog/wp-content/uploads/2018/04/FSB-1162-Winner-social-media-cards-LONDON-1200-10-330x245.jpg]
[www.ihateironing.com/blog/2020/01/31/index.html]
[www.ihateironing.com/blog/2019-highlights-2020-plans/index.html]
[www.ihateironing.com/blog/wp-content/uploads/2017/10/Sona1-1-330x245.png]
[www.ihateironing.com/blog/2018/07/24/index.html]
[www.ihateironing.com/blog/ihi-backs-20-mile-per-hour-speed-limit/index.html]
[www.ihateironing.com/blog/wp-content/uploads/2017/10/yeshi-kangrang-325341-e1509100461501-330x245.jpg]
[www.ihateironing.com/blog/2018/04/20/index.html]
[www.ihateironing.com/blog/ihi-take-home-fsb-awards/index.html]
[www.ihateironing.com/blog/wp-content/uploads/2017/08/new-van-952x544-330x245.jpg]
[www.ihateironing.com/blog/wp-content/uploads/2017/02/mike-330x245.jpg]
[www.ihateironing.com/blog/get-know-team-interview-sona/index.html]
[www.ihateironing.com/blog/2017/10/27/index.html]
[www.ihateironing.com/blog/wp-content/uploads/2017/02/team-photo-bw-330x245.jpg]
[www.ihateironing.com/blog/page/2/index.html]
[www.ihateironing.com/blog/2017/08/23/index.html]
[www.ihateironing.com/blog/law-firm-vs-startup-rachel-sanguinetti/index.html]
[www.ihateironing.com/blog/not-resting-laurels/index.html]
[www.ihateironing.com/blog/2017/02/08/index.html]
[www.ihateironing.com/blog/soho-dry-cleaning-meet-the-masters/index.html]
[www.ihateironing.com/blog/wp-includes/fonts/dashicons7d4b.eot]
[www.ihateironing.com/blog/2017/02/07/index.html]
[www.ihateironing.com/blog/5-ideas-to-win-your-office-bake-off/index.html]
[www.ihateironing.com/blog/wp-includes/fonts/dashicons7d4b.ttf]
[www.ihateironing.com/blog/wp-includes/css/dashicons.min.css]
[maxcdn.bootstrapcdn.com/font-awesome/4.3.0/css/font-awesome.min.css]
[www.ihateironing.com/blog/cricklewood-dry-cleaners-meet-masters/index.html]
[www.ihateironing.com/blog/wp-content/uploads/2016/07/b.png]
[connect.facebook.net/en_US/fbevents.js]
[www.ihateironing.com/blog/wp-content/cache/autoptimize/css/autoptimize_545fb16e95f40f1de3478267cb736aaf.css]
[www.ihateironing.com/blog/wp-json/wp/v2/posts/3410.json]
[www.ihateironing.com/blog/wp-json/oembed/1.0/embed0071.json]
[www.ihateironing.com/blog/keeping-a-clean-house-with-dogs/feed/index.html]
[www.ihateironing.com/blog/wp-json/oembed/1.0/embed69b4]
[www.ihateironing.com/blog/wp-content/uploads/2022/03/Blog-Featured-image.png]
[www.ihateironing.com/blog/wp-content/uploads/2022/03/IMG_1082.jpg]
[www.ihateironing.com/blog/wp-content/uploads/2022/03/IMG_1084.jpg]
[www.ihateironing.com/blog/author/reena/index.html]
[www.ihateironing.com/blog/wp-content/uploads/2022/03/IMG_1085-scaled.jpg]
[www.ihateironing.com/blog/wp-content/uploads/2022/03/IMG_1085-768x1024.jpg]
[www.ihateironing.com/blog/wp-content/uploads/2022/03/fa6c6e0d-254b-43d2-bba8-87a34001cbea.jpg]
[www.ihateironing.com/blog/wp-content/uploads/2022/03/fa6c6e0d-254b-43d2-bba8-87a34001cbea-1024x768.jpg]
[www.ihateironing.com/blog/wp-content/uploads/2020/01/IHI_logo_landscape_Black_RGB-1.png]
[www.ihateironing.com/blog/wp-content/plugins/email-subscribers/lite/public/images/spinner.gif]
[www.ihateironing.com/blog/keeping-a-clean-house-with-dogs/index.html]
[www.ihateironing.com/blog/2022/03/23/index.html]
[www.ihateironing.com/blog/wp-json/wp/v2/tags/23.json]
[www.ihateironing.com/blog/tag/treatyourpets/index.html]
[www.ihateironing.com/blog/tag/treatyourpets/feed/index.html]
[www.ihateironing.com/blog/wp-json/wp/v2/posts/3327.json]
[www.ihateironing.com/blog/break-the-bias/feed/index.html]
[www.ihateironing.com/blog/wp-json/oembed/1.0/embedb4c1.json]
[www.ihateironing.com/blog/wp-json/oembed/1.0/embed711f]
[www.ihateironing.com/blog/wp-content/uploads/2022/03/Blog-Featured-image-1.png]
[www.ihateironing.com/blog/wp-content/uploads/2022/03/a3ab68d0-0949-4aa8-b710-fff9eb2e8a63-1.jpg]
[www.ihateironing.com/blog/wp-content/uploads/2022/03/a3ab68d0-0949-4aa8-b710-fff9eb2e8a63-1-edited.jpg]
[www.ihateironing.com/blog/wp-login067f.html]
[www.ihateironing.com/blog/wp-content/cache/autoptimize/js/autoptimize_236b9ea7f630270954bc8a8b7fbe54ac.js]
[www.ihateironing.com/blog/break-the-bias/index.html]
[www.ihateironing.com/blog/2022/03/08/index.html]
[www.ihateironing.com/blog/wp-json/wp/v2/tags/24.json]
[www.ihateironing.com/blog/tag/ilovesmallbusinesses/index.html]
[www.ihateironing.com/blog/tag/ilovesmallbusinesses/feed/index.html]
[www.ihateironing.com/blog/wp-json/wp/v2/posts/1511.json]
[www.ihateironing.com/blog/wp-json/oembed/1.0/embed26ee.json]
[www.ihateironing.com/blog/re-schedule-order/feed/index.html]
[www.ihateironing.com/blog/wp-json/oembed/1.0/embedc648]
[www.ihateironing.com/blog/wp-content/uploads/2021/09/IHI_insta_rescheduling_icon-988x555.jpg]
[www.ihateironing.com/blog/wp-content/uploads/2016/10/Login.png]
[www.ihateironing.com/blog/wp-content/uploads/2016/10/Login-300x208.png]
[www.ihateironing.com/blog/author/jonny/index.html]
[www.ihateironing.com/blog/wp-content/uploads/2016/10/Orders.png]
[www.ihateironing.com/blog/wp-content/uploads/2016/10/Orders-300x48.png]
[www.ihateironing.com/blog/wp-content/uploads/2016/10/View-order.png]
[www.ihateironing.com/blog/wp-content/uploads/2016/10/View-order-300x66.png]
[www.ihateironing.com/blog/wp-content/uploads/2021/10/Reschedule-1.png]
[www.ihateironing.com/blog/wp-content/uploads/2021/10/Reschedule-1-300x78.png]
[www.ihateironing.com/blog/wp-content/uploads/2016/10/reschedule-2.png]
[www.ihateironing.com/blog/wp-content/uploads/2016/10/reschedule-2-300x172.png]
[www.ihateironing.com/blog/wp-content/uploads/2016/10/App-amend-order.png]
[www.ihateironing.com/blog/wp-content/uploads/2016/10/App-amend-order-146x300.png]
[www.ihateironing.com/blog/wp-content/uploads/2016/10/Amend-order-on-app.png]
[www.ihateironing.com/blog/wp-content/uploads/2016/10/Amend-order-on-app-146x300.png]
[www.ihateironing.com/blog/wp-login8010.html]
[www.ihateironing.com/blog/re-schedule-order/index.html]
[www.ihateironing.com/blog/wp-content/uploads/2021/09/IHI_insta_rescheduling_icon-500x280.jpg]
[www.ihateironing.com/blog/2021/10/25/index.html]
[www.ihateironing.com/blog/wp-json/wp/v2/posts/2350.json]
[www.ihateironing.com/blog/dry-cleaning-clothes-for-interviews/feed/index.html]
[www.ihateironing.com/blog/wp-json/oembed/1.0/embed900f.json]
[www.ihateironing.com/blog/wp-json/oembed/1.0/embeda383]
[www.ihateironing.com/blog/wp-content/uploads/2019/11/Picture1.jpg]
[www.ihateironing.com/blog/wp-content/uploads/2019/11/matt-library.jpg]
[www.ihateironing.com/blog/wp-content/uploads/2019/11/Email-banner-1350-x-750-17.png]
[www.ihateironing.com/blog/wp-content/uploads/2019/11/Email-banner-1350-x-750-17-1024x569.png]
[www.ihateironing.com/blog/dry-cleaning-clothes-for-interviews/index.html]
[www.ihateironing.com/blog/wp-content/uploads/2019/11/Picture1-500x280.jpg]
[www.ihateironing.com/blog/2021/07/15/index.html]
[www.ihateironing.com/blog/wp-json/wp/v2/posts/2417.json]
[www.ihateironing.com/blog/10things-about-dry-cleaning/feed/index.html]
[www.ihateironing.com/blog/wp-json/oembed/1.0/embed2ebf.json]
[www.ihateironing.com/blog/wp-json/oembed/1.0/embedba56]
[www.ihateironing.com/blog/wp-content/uploads/2019/11/8389e7_cfef3d2761ca43dea2b64981976c48cb_mv2.jpg]
[images.squarespace-cdn.com/content/v1/5c12aed90dbda358e0654b41/1559684278840-3EEF16MFTV3D5Q3BDMFW/ke17ZwdGBToddI8pDm48kNdx4l6AqfIG06nRanmYjCF7gQa/dls_IMG_55173794.jpg]
[assets.afcdn.com/story/20190131/1330660_w767h575c1cx628cy628.jpg]
[www.ihateironing.com/blog/10things-about-dry-cleaning/index.html]
[www.ihateironing.com/blog/wp-content/uploads/2019/11/8389e7_cfef3d2761ca43dea2b64981976c48cb_mv2-500x280.jpg]
[www.ihateironing.com/blog/2020/12/09/index.html]
[www.ihateironing.com/blog/wp-json/wp/v2/posts/1071.json]
[www.ihateironing.com/blog/laundry-symbols-explained/feed/index.html]
[www.ihateironing.com/blog/wp-json/oembed/1.0/embed8a92.json]
[www.ihateironing.com/blog/wp-json/oembed/1.0/embed1dc7]
[www.ihateironing.com/blog/wp-content/uploads/2016/07/laundry-symbols_951x544.jpg]
[www.ihateironing.com/blog/wp-content/uploads/2016/07/The-complete-care-label-gude.png]
[www.ihateironing.com/blog/wp-content/uploads/2019/11/DC.png]
[www.ihateironing.com/blog/wp-content/uploads/2020/08/ironing.jpg]
[www.ihateironing.com/blog/wp-content/uploads/2020/08/drying.jpg]
[www.ihateironing.com/blog/wp-content/uploads/2020/08/hand-washing.jpg]
[www.ihateironing.com/blog/wp-content/uploads/2020/08/synthethic-washing.jpg]
[www.ihateironing.com/blog/wp-content/uploads/2019/11/The-complete-care-label-gude-min.png]
[www.ihateironing.com/blog/wp-content/uploads/2020/09/IHI-Delivery-1024x1024.png]
[www.ihateironing.com/blog/laundry-symbols-explained/index.html]
[www.ihateironing.com/blog/wp-content/uploads/2016/07/laundry-symbols_951x544-500x280.jpg]
[www.ihateironing.com/blog/2020/11/07/index.html]
[www.ihateironing.com/blog/wp-json/wp/v2/posts/2905.json]
[www.ihateironing.com/blog/covid-19-update-november-2020/feed/index.html]
[www.ihateironing.com/blog/wp-json/oembed/1.0/embed4dee.json]
[www.ihateironing.com/blog/wp-json/oembed/1.0/embedd62a]
[www.ihateironing.com/blog/wp-content/uploads/2020/11/IHI-delivery-vans.png]
[www.ihateironing.com/blog/author/matt/index.html]
[www.ihateironing.com/blog/covid-19-update-november-2020/index.html]
[downloads.intercomcdn.com/i/o/262164670/e14b315ebf1eae3f86d781c7/IHI logo email1.png_; filename_=UTF-8''IHI%20logo%20email1.png]
[www.ihateironing.com/blog/wp-content/uploads/2020/11/IHI-delivery-vans-500x280.png]
[www.ihateironing.com/blog/2020/11/04/index.html]
[www.ihateironing.com/blog/wp-json/wp/v2/posts/1329.json]
[www.ihateironing.com/blog/what-is-dry-cleaning/feed/index.html]
[www.ihateironing.com/blog/wp-json/oembed/1.0/embedf3b8.json]
[www.ihateironing.com/blog/wp-json/oembed/1.0/embed23f8]
[www.ihateironing.com/blog/wp-content/uploads/2016/08/dry-cleaning-machinee.png]
[www.ihateironing.com/blog/what-is-dry-cleaning/index.html]
[www.ihateironing.com/blog/wp-content/uploads/2016/08/dry-cleaning-machinee-500x280.png]
[www.ihateironing.com/blog/2020/08/01/index.html]
[www.ihateironing.com/blog/wp-json/wp/v2/posts/2617.json]
[www.ihateironing.com/blog/eco-initiatives-to-life/feed/index.html]
[www.ihateironing.com/blog/wp-json/oembed/1.0/embedfc3b.json]
[www.ihateironing.com/blog/wp-json/oembed/1.0/embed2c74]
[www.ihateironing.com/blog/wp-content/uploads/2020/03/I-HATE-PLASTIC-WASTE-5-988x555.png]
[www.ihateironing.com/blog/wp-content/uploads/2020/07/eco-img2-2-1024x522.png]
[www.ihateironing.com/blog/eco-initiatives-to-life/index.html]
[www.ihateironing.com/blog/wp-content/uploads/2020/03/I-HATE-PLASTIC-WASTE-5-500x280.png]
[www.ihateironing.com/blog/2020/06/10/index.html]
[www.ihateironing.com/blog/wp-json/wp/v2/posts/2564.json]
[www.ihateironing.com/blog/wp-json/oembed/1.0/embedf93f.json]
[www.ihateironing.com/blog/essentials-box-delivery-service/feed/index.html]
[www.ihateironing.com/blog/wp-json/oembed/1.0/embed0ae6]
[www.ihateironing.com/blog/wp-content/uploads/2020/04/essentials-facebook-988x555.png]
[www.ihateironing.com/blog/essentials-box-delivery-service/index.html]
[www.ihateironing.com/blog/wp-content/uploads/2020/04/essentials-facebook-500x280.png]
[www.ihateironing.com/blog/2020/04/03/index.html]
[www.ihateironing.com/blog/tag/ourteam/index.html]
[www.ihateironing.com/blog/tag/worksmart/index.html]
[www.ihateironing.com/blog/wp-json/wp/v2/posts/2561.json]
[www.ihateironing.com/blog/reusable-covers/feed/index.html]
[www.ihateironing.com/blog/wp-json/oembed/1.0/embed2738.json]
[www.ihateironing.com/blog/wp-json/oembed/1.0/embedbf4e]
[www.ihateironing.com/blog/wp-content/uploads/2020/03/I-HATE-PLASTIC-WASTE-6-988x555.png]
[www.ihateironing.com/blog/wp-content/uploads/2021/01/IHI-Premium-Reusable-Cover.png]
[www.ihateironing.com/blog/wp-content/uploads/2021/01/IHI-Premium-Reusable-Cover-1024x938.png]
[www.ihateironing.com/blog/reusable-covers/index.html]
[www.ihateironing.com/blog/wp-content/uploads/2020/03/I-HATE-PLASTIC-WASTE-6-500x280.png]
[www.ihateironing.com/blog/2020/03/18/index.html]
[www.ihateironing.com/blog/wp-admin/admin-ajax.html]
[s3.eu-west-2.amazonaws.com/production.storage.ihateironing.com/static/css/pages/press.css]
[www.ihateironing.com/blog/wp-content/uploads/2017/02/felix-space-jump-4_952x544-500x280.jpg]
[www.ihateironing.com/blog/wp-content/uploads/2017/01/focus-resize-500x280.jpg]
[www.ihateironing.com/blog/page/4/index.html]
[www.ihateironing.com/blog/from-corporate-to-startup-job/index.html]
[www.ihateironing.com/blog/wp-content/uploads/2017/01/productivity-resize-330x245.jpg]
[www.ihateironing.com/blog/2017/02/01/index.html]
[www.ihateironing.com/blog/succeed-with-limited-resources/index.html]
[www.ihateironing.com/blog/wp-content/uploads/2017/01/productivity-zen_952x544-330x245.jpg]
[www.ihateironing.com/blog/2017/01/16/index.html]
[www.ihateironing.com/blog/wp-content/uploads/2017/01/Helen_952x544-330x245.jpg]
[www.ihateironing.com/blog/wp-content/uploads/2016/12/resize-night-shelter-330x245.jpg]
[www.ihateironing.com/blog/productivity-tips-2017/index.html]
[www.ihateironing.com/blog/wp-content/uploads/2016/12/blog-screenshot-952x544-330x245.jpg]
[www.ihateironing.com/blog/2017/01/05/index.html]
[www.ihateironing.com/blog/optimise-your-productivity/index.html]
[www.ihateironing.com/blog/wp-content/uploads/2016/12/resize-330x245.jpg]
[www.ihateironing.com/blog/5-minutes-customer-service/index.html]
[www.ihateironing.com/blog/wp-content/uploads/2016/09/london-fashion-week_951x544-330x245.jpg]
[www.ihateironing.com/blog/hackney-winter-night-shelter/index.html]
[www.ihateironing.com/blog/wp-content/themes/ironing/img/empty-single.jpg]
[www.ihateironing.com/blog/2016/12/21/index.html]
[www.ihateironing.com/blog/wp-content/uploads/2016/06/perfectwardrobe-951x544-330x245.jpg]
[www.ihateironing.com/blog/page/3/index.html]
[www.ihateironing.com/blog/2016/12/13/index.html]
[www.ihateironing.com/blog/ihateironing-blog-makeover/index.html]
[www.ihateironing.com/blog/why-i-love-ihateironing/index.html]
[www.ihateironing.com/blog/10-hottest-trends-from-london-fashion-week-ss17/index.html]
[www.ihateironing.com/blog/wp-json/wp/v2/posts/2528.json]
[www.ihateironing.com/blog/2016/09/22/index.html]
[www.ihateironing.com/blog/2016/09/21/index.html]
[www.ihateironing.com/blog/the-early-days/index.html]
[www.ihateironing.com/blog/2016/06/29/index.html]
[www.ihateironing.com/blog/wp-json/oembed/1.0/embed5dbd.json]
[www.ihateironing.com/blog/how-to-choose-the-perfect-white-shirt/index.html]
[www.ihateironing.com/blog/wp-json/oembed/1.0/embed3b89]
[www.ihateironing.com/blog/doing-our-bit/feed/index.html]
[www.ihateironing.com/blog/wp-content/uploads/2020/03/Canva-Holding-an-Elderly-Hand-with-Care-1-988x555.jpg]
[www.ihateironing.com/blog/doing-our-bit/index.html]
[www.ihateironing.com/blog/2020/03/13/index.html]
[www.ihateironing.com/blog/wp-json/wp/v2/posts/2527.json]
[www.ihateironing.com/blog/message-ceo-customers/feed/index.html]
[www.ihateironing.com/blog/wp-json/oembed/1.0/embedf655.json]
[www.ihateironing.com/blog/wp-json/oembed/1.0/embed3ea1]
[www.ihateironing.com/blog/wp-content/uploads/2020/03/17212259b6a13522d92ca2a5891ff73c1bde7b-988x555.jpg]
[www.ihateironing.com/blog/message-ceo-customers/index.html]
[downloads.intercomcdn.com/i/o/192020566/10fc85bdedd52d9c71711d0e/image.png_; filename_=UTF-8''image.png]
[www.ihateironing.com/blog/wp-json/wp/v2/posts/2492.json]
[www.ihateironing.com/blog/wp-json/oembed/1.0/embed00c3.json]
[www.ihateironing.com/blog/can-pull-reigns-fast-fashion/feed/index.html]
[www.ihateironing.com/blog/wp-json/oembed/1.0/embeda011]
[www.ihateironing.com/blog/wp-content/uploads/2020/02/classic-clothes-shoes.png]
[www.ihateironing.com/blog/wp-content/uploads/2020/08/buy-less-choose-well-make-it-last.-1024x1024-1.png]
[www.ihateironing.com/blog/can-pull-reigns-fast-fashion/index.html]
[www.ihateironing.com/blog/wp-content/uploads/2020/02/classic-clothes-shoes-500x280.png]
[www.ihateironing.com/blog/2020/02/05/index.html]
[www.ihateironing.com/blog/wp-json/wp/v2/posts/2435.json]
[www.ihateironing.com/blog/2019-highlights-2020-plans/feed/index.html]
[www.ihateironing.com/blog/wp-json/oembed/1.0/embede4b1.json]
[www.ihateironing.com/blog/wp-json/oembed/1.0/embed3426]
[www.ihateironing.com/blog/wp-content/uploads/2020/01/ihi.jpg]
[www.ihateironing.com/blog/wp-content/uploads/2020/01/delivery-lg.531f232a0795-min-1-1-1024x380.jpg]
[www.ihateironing.com/blog/wp-content/uploads/2020/01/pexels-photo-1230157-scaled.jpg]
[www.ihateironing.com/blog/wp-content/uploads/2020/01/pexels-photo-1230157-1024x668.jpg]
[www.ihateironing.com/blog/wp-content/uploads/2020/01/ihi.png]
[www.ihateironing.com/blog/2019-highlights-2020-plans/index.html]
[www.ihateironing.com/blog/wp-content/uploads/2020/01/ihi-500x280.jpg]
[www.ihateironing.com/blog/2020/01/31/index.html]
[www.ihateironing.com/blog/wp-json/wp/v2/posts/2336.json]
[www.ihateironing.com/blog/wp-json/oembed/1.0/embed9430.json]
[www.ihateironing.com/blog/ihi-backs-20-mile-per-hour-speed-limit/feed/index.html]
[www.ihateironing.com/blog/wp-json/oembed/1.0/embedbef8]
[www.ihateironing.com/blog/wp-content/uploads/2018/07/Picture2.jpg]
[ssl.gstatic.com/ui/v1/icons/mail/images/cleardot.gif]
[www.ihateironing.com/blog/ihi-backs-20-mile-per-hour-speed-limit/index.html]
[www.ihateironing.com/blog/wp-content/uploads/2018/07/Picture2-500x280.jpg]
[www.ihateironing.com/blog/2018/07/24/index.html]
[www.ihateironing.com/blog/wp-json/wp/v2/posts/2317.json]
[www.ihateironing.com/blog/ihi-take-home-fsb-awards/feed/index.html]
[www.ihateironing.com/blog/wp-json/oembed/1.0/embedc97c.json]
[www.ihateironing.com/blog/wp-json/oembed/1.0/embedb5a8]
[www.ihateironing.com/blog/wp-content/uploads/2018/04/FSB-1162-Winner-social-media-cards-LONDON-1200-10-988x555.jpg]
[www.ihateironing.com/blog/wp-content/uploads/2018/04/lightbulb.jpg]
[www.ihateironing.com/blog/wp-content/uploads/2018/04/matt-fsb.jpg]
[www.ihateironing.com/blog/wp-content/uploads/2018/04/fsb.jpg]
[www.ihateironing.com/blog/ihi-take-home-fsb-awards/index.html]
[www.ihateironing.com/blog/wp-content/uploads/2018/04/FSB-1162-Winner-social-media-cards-LONDON-1200-10-500x280.jpg]
[www.ihateironing.com/blog/2018/04/20/index.html]
[www.ihateironing.com/blog/wp-json/wp/v2/posts/2291.json]
[www.ihateironing.com/blog/get-know-team-interview-sona/feed/index.html]
[www.ihateironing.com/blog/wp-json/oembed/1.0/embed407b.json]
[www.ihateironing.com/blog/wp-json/oembed/1.0/embed4b10]
[www.ihateironing.com/blog/wp-content/uploads/2017/10/Sona1-1.png]
[www.ihateironing.com/blog/wp-content/uploads/2017/10/s.jpg]
[www.ihateironing.com/blog/wp-content/uploads/2017/10/elephant.jpg]
[www.ihateironing.com/blog/get-know-team-interview-sona/index.html]
[www.ihateironing.com/blog/wp-content/uploads/2017/10/Sona1-1-500x280.png]
[www.ihateironing.com/blog/wp-content/uploads/2017/10/yeshi-kangrang-325341-e1509100461501-500x280.jpg]
[www.ihateironing.com/blog/2017/10/27/index.html]
[www.ihateironing.com/blog/wp-json/wp/v2/posts/2257.json]
[www.ihateironing.com/blog/wp-json/oembed/1.0/embed0773.json]
[www.ihateironing.com/blog/law-firm-vs-startup-rachel-sanguinetti/feed/index.html]
[www.ihateironing.com/blog/wp-json/oembed/1.0/embedbd81]
[www.ihateironing.com/blog/wp-content/uploads/2017/10/yeshi-kangrang-325341-e1509100461501.jpg]
[www.ihateironing.com/blog/wp-content/uploads/2020/08/pexels-naveen-annam-1578285-1024x683.jpg]
[www.ihateironing.com/blog/wp-content/uploads/2020/08/pexels-yoss-cinematic-2526491-819x1024.jpg]
[www.ihateironing.com/blog/wp-content/uploads/2020/08/pexels-pixabay-416405-1024x640.jpg]
[www.ihateironing.com/blog/law-firm-vs-startup-rachel-sanguinetti/index.html]
[www.ihateironing.com/blog/wp-json/wp/v2/posts/2227.json]
[www.ihateironing.com/blog/wp-json/oembed/1.0/embed7747.json]
[www.ihateironing.com/blog/not-resting-laurels/feed/index.html]
[www.ihateironing.com/blog/wp-json/oembed/1.0/embed3f36]
[www.ihateironing.com/blog/wp-content/uploads/2017/08/new-van-952x544.jpg]
[www.ihateironing.com/blog/not-resting-laurels/index.html]
[www.ihateironing.com/blog/wp-content/uploads/2017/08/new-van-952x544-500x280.jpg]
[www.ihateironing.com/blog/2017/08/23/index.html]
[www.ihateironing.com/blog/wp-json/wp/v2/posts/291.json]
[www.ihateironing.com/blog/wp-json/oembed/1.0/embedfe77.json]
[www.ihateironing.com/blog/soho-dry-cleaning-meet-the-masters/feed/index.html]
[www.ihateironing.com/blog/wp-json/oembed/1.0/embed55cf]
[www.ihateironing.com/blog/wp-content/uploads/2017/02/mike.jpg]
[www.ihateironing.com/blog/wp-loginf51c.html]
[www.ihateironing.com/blog/soho-dry-cleaning-meet-the-masters/index.html]
[www.ihateironing.com/blog/wp-content/uploads/2017/02/mike-500x280.jpg]
[www.ihateironing.com/blog/2017/02/08/index.html]
[www.ihateironing.com/blog/wp-json/wp/v2/posts/1806.json]
[www.ihateironing.com/blog/wp-json/oembed/1.0/embedf5bd.json]
[www.ihateironing.com/blog/5-ideas-to-win-your-office-bake-off/feed/index.html]
[www.ihateironing.com/blog/wp-json/oembed/1.0/embed1aaf]
[www.ihateironing.com/blog/wp-content/uploads/2017/02/team-photo-bw.jpg]
[platform.twitter.com/widgets.js]
[www.ihateironing.com/blog/wp-content/uploads/2016/12/stick-toffee-cropped-e1484649259492-150x150.jpg]
[www.ihateironing.com/blog/5-ideas-to-win-your-office-bake-off/index.html]
[www.ihateironing.com/blog/wp-content/uploads/2017/02/team-photo-bw-500x280.jpg]
[www.ihateironing.com/blog/2017/02/07/index.html]
[www.ihateironing.com/blog/wp-json/wp/v2/posts/735.json]
[www.ihateironing.com/blog/wp-json/oembed/1.0/embed3c17.json]
[www.ihateironing.com/blog/cricklewood-dry-cleaners-meet-masters/feed/index.html]
[www.ihateironing.com/blog/wp-json/oembed/1.0/embedda1e]
[www.ihateironing.com/blog/wp-content/uploads/2016/06/cricklewood-951x544_V2.jpg]
[www.ihateironing.com/blog/wp-logina3f7.html]
[www.ihateironing.com/blog/cricklewood-dry-cleaners-meet-masters/index.html]
[www.ihateironing.com/blog/POST.html]
[www.ihateironing.com/blog/2015/06/08/index.html]
[www.ihateironing.com/blog/wp-content/plugins/simple-share-buttons-adder/fonts/ssbpcb9b.eot]
[www.ihateironing.com/blog/wp-content/plugins/simple-share-buttons-adder/fonts/ssbpd41d.eot]
[www.ihateironing.com/blog/wp-content/plugins/simple-share-buttons-adder/fonts/ssbpcb9b.woff]
[www.ihateironing.com/blog/wp-content/plugins/simple-share-buttons-adder/fonts/ssbpcb9b.ttf]
[www.ihateironing.com/blog/wp-content/cache/autoptimize/css/autoptimize_545fb16e95f40f1de3478267cb736aaf.css]
[www.ihateironing.com/blog/index12fa.html]
[www.ihateironing.com/blog/wp-json/wp/v2/users/15.json]
[www.ihateironing.com/blog/author/reena/index.html]
[www.ihateironing.com/index2c8e.html]
[www.ihateironing.com/index873f.html]
[www.ihateironing.com/indexa8ff.html]
[www.ihateironing.com/services/household-dry-cleaning/index4ab7.html]
[www.ihateironing.com/services/dry-cleaning/index0ee1.html]
[www.ihateironing.com/services/laundry/index15a5.html]
[www.ihateironing.com/dry-cleaners-london/index9014.html]
[www.ihateironing.com/dry-cleaners-brighton/index81dc.html]
[www.ihateironing.com/dry-cleaning-edinburgh/indexce53.html]
[www.ihateironing.com/dry-cleaners-oxford/index3f30.html]
[www.ihateironing.com/dry-cleaning-new-york/index6cfc.html]
[www.ihateironing.com/blog/index21f1.html]
[www.ihateironing.com/dry-cleaners-clapham/index83a3.html]
[www.ihateironing.com/blog/author/reena/feed/index.html]
[www.ihateironing.com/blog/wp-includes/css/dashicons.min6dcf.css]
[www.ihateironing.com/blog/wp-includes/css/buttons.min6dcf.css]
[www.ihateironing.com/blog/wp-admin/css/forms.min6dcf.css]
[www.ihateironing.com/blog/wp-admin/css/l10n.min6dcf.css]
[www.ihateironing.com/blog/wp-admin/css/login.min6dcf.css]
[www.ihateironing.com/blog/wp-loginc2b6.html]
[www.ihateironing.com/blog/wp-includes/js/jquery/jquery.minaf6c.js]
[www.ihateironing.com/blog/wp-includes/js/zxcvbn-async.min5152.js]
[www.ihateironing.com/blog/wp-includes/js/dist/vendor/regenerator-runtime.min3937.js]
[www.ihateironing.com/blog/wp-includes/js/dist/vendor/wp-polyfill.min2c7c.js]
[www.ihateironing.com/blog/wp-includes/js/dist/hooks.min8cbb.js]
[www.ihateironing.com/blog/wp-includes/js/dist/i18n.mina28b.js]
[www.ihateironing.com/blog/wp-admin/js/password-strength-meter.min6dcf.js]
[www.ihateironing.com/blog/wp-includes/js/underscore.min0028.js]
[www.ihateironing.com/blog/wp-includes/js/wp-util.min6dcf.js]
[www.ihateironing.com/blog/wp-admin/js/user-profile.min6dcf.js]
[www.ihateironing.com/blog/wp-login067f.html]
[www.ihateironing.com/blog/index071e.html]
[www.ihateironing.com/blog/wp-json/wp/v2/users/9.json]
[www.ihateironing.com/blog/author/jonny/index.html]
[www.ihateironing.com/blog/wp-login8010.html]
[www.ihateironing.com/blog/indexddd7.html]
[www.ihateironing.com/blog/index9604.html]
[www.ihateironing.com/index75b1.html]
[www.ihateironing.com/blog/indexb766.html]
[www.ihateironing.com/blog/index0db8.html]
[www.ihateironing.com/blog/author/jonny/feed/index.html]
[www.ihateironing.com/blog/wp-json/wp/v2/users/6.json]
[www.ihateironing.com/blog/author/matt/feed/index.html]
[www.ihateironing.com/blog/wp-content/uploads/2020/09/pexels-marc-mueller-380768-scaled-500x280.jpg]
[www.ihateironing.com/blog/wp-content/uploads/2020/03/Canva-Holding-an-Elderly-Hand-with-Care-1-330x245.jpg]
[www.ihateironing.com/blog/wp-content/uploads/2020/03/17212259b6a13522d92ca2a5891ff73c1bde7b-330x245.jpg]
[www.ihateironing.com/blog/empty-offices-are-killing-businesses/index.html]
[www.ihateironing.com/blog/2020/09/02/index.html]
[www.ihateironing.com/blog/wp-content/uploads/2017/01/focus-resize-330x245.jpg]
[www.ihateironing.com/blog/author/matt/index.html]
[www.ihateironing.com/blog/indexd944.html]
[www.ihateironing.com/blog/index0748.html]
[www.ihateironing.com/blog/indexb0e3.html]
[www.ihateironing.com/blog/wp-json/wp/v2/tags/17.json]
[www.ihateironing.com/blog/tag/ourteam/index.html]
[www.ihateironing.com/blog/tag/ourteam/feed/index.html]
[www.ihateironing.com/blog/wp-json/wp/v2/tags/16.json]
[www.ihateironing.com/blog/tag/worksmart/index.html]
[www.ihateironing.com/blog/index3e78.html]
[www.ihateironing.com/blog/wp-content/uploads/2016/05/pillows_952x544-500x280.jpg]
[www.ihateironing.com/blog/tag/worksmart/feed/index.html]
[www.ihateironing.com/blog/page/5/index.html]
[www.ihateironing.com/blog/wp-content/uploads/2017/01/bedroom-resize-500x280.jpg]
[www.ihateironing.com/blog/2016/05/23/index.html]
[www.ihateironing.com/blog/wp-content/uploads/2016/04/puzzle-952x544-330x245.jpg]
[www.ihateironing.com/blog/5-ways-get-a-good-nights-sleep/index.html]
[www.ihateironing.com/blog/wp-content/uploads/2015/07/shirts-952x544-330x245.jpg]
[www.ihateironing.com/blog/2016/05/19/index.html]
[www.ihateironing.com/blog/declutter-your-home-30-days/index.html]
[www.ihateironing.com/blog/2016/04/29/index.html]
[www.ihateironing.com/blog/wp-content/uploads/2015/08/kingston-952x700-330x245.jpg]
[www.ihateironing.com/blog/5-ways-organise-life/index.html]
[www.ihateironing.com/blog/2015/09/21/index.html]
[www.ihateironing.com/blog/wp-content/uploads/2016/08/windsor_951x544-330x245.jpg]
[www.ihateironing.com/blog/history-of-dry-cleaning/index.html]
[www.ihateironing.com/blog/2015/08/20/index.html]
[www.ihateironing.com/blog/dry-cleaners-windsor-meet-the-masters/index.html]
[www.ihateironing.com/blog/wp-content/uploads/2016/08/kensington_952x544-330x245.jpg]
[www.ihateironing.com/blog/dry-cleaners-in-kingston/index.html]
[www.ihateironing.com/blog/wp-content/uploads/2015/07/night-839807-330x245.jpg]
[www.ihateironing.com/blog/2015/08/04/index.html]
[www.ihateironing.com/blog/wp-content/uploads/2016/07/canary-wharf951x544-330x245.jpg]
[www.ihateironing.com/blog/2015/07/31/index.html]
[www.ihateironing.com/blog/kensington-dry-cleaners-meet-masters/index.html]
[www.ihateironing.com/blog/wp-content/uploads/2016/07/maida-vale_951x544-330x245.jpg]
[www.ihateironing.com/blog/basecamp-customer-service/index.html]
[www.ihateironing.com/blog/2015/07/26/index.html]
[www.ihateironing.com/blog/wp-content/uploads/2016/07/clapham-951x544-330x245.jpg]
[www.ihateironing.com/blog/page/4/index.html]
[www.ihateironing.com/blog/2015/07/15/index.html]
[www.ihateironing.com/blog/dry-cleaners-in-canary-wharf/index.html]
[www.ihateironing.com/blog/dry-cleaners-in-clapham/index.html]
[www.ihateironing.com/blog/dry-cleaners-in-maida-vale/index.html]
[www.ihateironing.com/blog/2015/07/11/index.html]
[www.ihateironing.com/blog/wp-json/wp/v2/posts/2095.json]
[www.ihateironing.com/blog/wp-json/oembed/1.0/embed23b1.json]
[www.ihateironing.com/blog/from-corporate-to-startup-job/feed/index.html]
[www.ihateironing.com/blog/wp-json/oembed/1.0/embeda7c5]
[www.ihateironing.com/blog/wp-content/uploads/2017/02/felix-space-jump-4_952x544.jpg]
[www.ihateironing.com/blog/wp-logind190.html]
[www.ihateironing.com/blog/from-corporate-to-startup-job/index.html]
[www.ihateironing.com/blog/2017/02/01/index.html]
[www.ihateironing.com/blog/wp-json/wp/v2/posts/2001.json]
[www.ihateironing.com/blog/wp-json/oembed/1.0/embed41ab.json]
[www.ihateironing.com/blog/succeed-with-limited-resources/feed/index.html]
[www.ihateironing.com/blog/wp-json/oembed/1.0/embed029c]
[www.ihateironing.com/blog/wp-content/uploads/2017/01/focus-resize.jpg]
[www.ihateironing.com/blog/wp-login7ca3.html]
[www.ihateironing.com/blog/succeed-with-limited-resources/index.html]
[www.ihateironing.com/blog/wp-content/uploads/2017/01/productivity-resize-500x280.jpg]
[www.ihateironing.com/blog/2017/01/16/index.html]
[www.ihateironing.com/blog/wp-json/wp/v2/posts/1999.json]
[www.ihateironing.com/blog/optimise-your-productivity/feed/index.html]
[www.ihateironing.com/blog/wp-json/oembed/1.0/embedfe8a.json]
[www.ihateironing.com/blog/wp-json/oembed/1.0/embed6d4c]
[www.ihateironing.com/blog/wp-content/uploads/2017/01/productivity-resize.jpg]
[www.ihateironing.com/blog/wp-login8ba1.html]
[www.ihateironing.com/blog/optimise-your-productivity/index.html]
[www.ihateironing.com/blog/wp-json/wp/v2/posts/1824.json]
[www.ihateironing.com/blog/wp-json/oembed/1.0/embed6458.json]
[www.ihateironing.com/blog/productivity-tips-2017/feed/index.html]
[www.ihateironing.com/blog/wp-json/oembed/1.0/embed58b3]
[www.ihateironing.com/blog/wp-content/uploads/2017/01/productivity-zen_952x544.jpg]
[www.ihateironing.com/blog/tag/inbox-zero/index.html]
[www.ihateironing.com/blog/tag/productivity/index.html]
[www.ihateironing.com/blog/tag/tools/index.html]
[www.ihateironing.com/blog/tag/save-time/index.html]
[www.ihateironing.com/blog/wp-loginb9a2.html]
[www.ihateironing.com/blog/productivity-tips-2017/index.html]
[www.ihateironing.com/blog/wp-content/uploads/2017/01/productivity-zen_952x544-500x280.jpg]
[www.ihateironing.com/blog/wp-content/uploads/2017/01/Helen_952x544-500x280.jpg]
[www.ihateironing.com/blog/2017/01/05/index.html]
[www.ihateironing.com/blog/wp-json/wp/v2/posts/1820.json]
[www.ihateironing.com/blog/5-minutes-customer-service/feed/index.html]
[www.ihateironing.com/blog/wp-json/oembed/1.0/embedfa31.json]
[www.ihateironing.com/blog/wp-json/oembed/1.0/embedb68e]
[www.ihateironing.com/blog/wp-content/uploads/2017/01/Helen_952x544.jpg]
[www.ihateironing.com/blog/wp-loginbee7.html]
[www.ihateironing.com/blog/5-minutes-customer-service/index.html]
[www.ihateironing.com/blog/wp-json/wp/v2/posts/1650.json]
[www.ihateironing.com/blog/wp-json/oembed/1.0/embedc8b4.json]
[www.ihateironing.com/blog/hackney-winter-night-shelter/feed/index.html]
[www.ihateironing.com/blog/wp-json/oembed/1.0/embed8764]
[www.ihateironing.com/blog/wp-content/uploads/2016/12/resize-night-shelter.jpg]
[www.ihateironing.com/blog/wp-loginead8.html]
[www.ihateironing.com/blog/hackney-winter-night-shelter/index.html]
[www.ihateironing.com/blog/wp-content/uploads/2016/12/resize-night-shelter-500x280.jpg]
[www.ihateironing.com/blog/wp-content/uploads/2016/12/blog-screenshot-952x544-500x280.jpg]
[www.ihateironing.com/blog/2016/12/21/index.html]
[www.ihateironing.com/blog/wp-json/wp/v2/posts/1776.json]
[www.ihateironing.com/blog/wp-json/oembed/1.0/embedfbf4.json]
[www.ihateironing.com/blog/ihateironing-blog-makeover/feed/index.html]
[www.ihateironing.com/blog/wp-json/oembed/1.0/embedcd97]
[www.ihateironing.com/blog/wp-content/uploads/2016/12/blog-screenshot-952x544.jpg]
[www.ihateironing.com/blog/wp-loginb7d0.html]
[www.ihateironing.com/blog/ihateironing-blog-makeover/index.html]
[www.ihateironing.com/blog/wp-json/wp/v2/posts/1635.json]
[www.ihateironing.com/blog/wp-json/oembed/1.0/embeda1f1.json]
[www.ihateironing.com/blog/why-i-love-ihateironing/feed/index.html]
[www.ihateironing.com/blog/wp-json/oembed/1.0/embed654c]
[www.ihateironing.com/blog/wp-content/uploads/2016/12/resize.jpg]
[www.ihateironing.com/blog/wp-login79be.html]
[www.ihateironing.com/blog/why-i-love-ihateironing/index.html]
[www.ihateironing.com/blog/wp-content/uploads/2016/12/resize-500x280.jpg]
[www.ihateironing.com/blog/2016/12/13/index.html]
[www.ihateironing.com/blog/wp-json/wp/v2/posts/1489.json]
[www.ihateironing.com/blog/wp-json/oembed/1.0/embed98b4.json]
[www.ihateironing.com/blog/10-hottest-trends-from-london-fashion-week-ss17/feed/index.html]
[www.ihateironing.com/blog/wp-json/oembed/1.0/embed6eec]
[www.ihateironing.com/blog/wp-content/uploads/2016/09/london-fashion-week_951x544.jpg]
[www.ihateironing.com/blog/wp-login940b.html]
[www.ihateironing.com/blog/10-hottest-trends-from-london-fashion-week-ss17/index.html]
[www.ihateironing.com/blog/wp-content/uploads/2016/09/london-fashion-week_951x544-500x280.jpg]
[www.ihateironing.com/blog/2016/09/22/index.html]
[www.ihateironing.com/blog/wp-json/wp/v2/posts/1520.json]
[www.ihateironing.com/blog/the-early-days/feed/index.html]
[www.ihateironing.com/blog/wp-json/oembed/1.0/embedae12.json]
[www.ihateironing.com/blog/wp-json/oembed/1.0/embed677b]
[www.ihateironing.com/blog/wp-login379a.html]
[www.ihateironing.com/blog/the-early-days/index.html]
[www.ihateironing.com/blog/2016/09/21/index.html]
[www.ihateironing.com/blog/wp-json/wp/v2/posts/859.json]
[www.ihateironing.com/blog/wp-json/oembed/1.0/embede49a.json]
[www.ihateironing.com/blog/how-to-choose-the-perfect-white-shirt/feed/index.html]
[www.ihateironing.com/blog/wp-json/oembed/1.0/embed1e64]
[www.ihateironing.com/blog/wp-content/uploads/2016/06/perfectwardrobe-951x544.jpg]
[www.ihateironing.com/blog/wp-login235e.html]
[www.ihateironing.com/blog/how-to-choose-the-perfect-white-shirt/index.html]
[www.ihateironing.com/blog/wp-content/uploads/2016/06/perfectwardrobe-951x544-500x280.jpg]
[www.ihateironing.com/blog/2016/06/29/index.html]
[www.ihateironing.com/blog/index207c.html]
[www.ihateironing.com/blog/index31b1.html]
[www.ihateironing.com/blog/indexd591.html]
[www.ihateironing.com/blog/index6602.html]
[www.ihateironing.com/blog/index55c6.html]
[www.ihateironing.com/blog/index1800.html]
[www.ihateironing.com/blog/index3dfd.html]
[www.ihateironing.com/blog/indexbe4b.html]
[www.ihateironing.com/blog/indexf883.html]
[www.ihateironing.com/blog/index820e.html]
[www.ihateironing.com/blog/wp-loginf51c.html]
[www.ihateironing.com/blog/index8afa.html]
[www.ihateironing.com/blog/indexb45d.html]
[www.ihateironing.com/blog/wp-content/uploads/2016/06/cricklewood-951x544_V2-500x280.jpg]
[www.ihateironing.com/blog/2015/06/08/index.html]
[www.ihateironing.com/blog/wp-logina3f7.html]
[www.ihateironing.com/blog/wp-content/plugins/simple-share-buttons-adder/fonts/ssbpcb9b.svg]
[www.ihateironing.com/blog/wp-includes/css/dashicons.min6dcf.css]
[www.ihateironing.com/blog/wp-includes/css/buttons.min6dcf.css]
[www.ihateironing.com/blog/wp-admin/images/loading.gif]
[www.ihateironing.com/blog/wp-admin/css/forms.min6dcf.css]
[www.ihateironing.com/blog/wp-admin/css/l10n.min6dcf.css]
[www.ihateironing.com/blog/wp-admin/images/w-logo-blue7a53.png]
[www.ihateironing.com/blog/wp-admin/css/login.min6dcf.css]
[www.ihateironing.com/blog/wp-login.html]
[www.ihateironing.com/blog/wp-loginc2b6.html]
[www.ihateironing.com/blog/wp-json/wp/v2/posts/2789.json]
[www.ihateironing.com/blog/wp-json/oembed/1.0/embed672e.json]
[www.ihateironing.com/blog/empty-offices-are-killing-businesses/feed/index.html]
[www.ihateironing.com/blog/wp-json/oembed/1.0/embed3a5a]
[www.ihateironing.com/blog/wp-content/uploads/2020/09/pexels-marc-mueller-380768-scaled-988x555.jpg]
[www.ihateironing.com/blog/wp-content/uploads/2020/09/mike.png]
[www.ihateironing.com/blog/empty-offices-are-killing-businesses/index.html]
[www.ihateironing.com/blog/2020/09/02/index.html]
[www.ihateironing.com/blog/wp-content/uploads/2016/05/crouch-end_952x544-330x245.jpg]
[www.ihateironing.com/blog/2015/07/06/index.html]
[www.ihateironing.com/blog/wp-content/uploads/2016/04/greenwich_951x544-330x245.jpg]
[www.ihateironing.com/blog/dry-cleaners-in-croydon-meet-the-masters/index.html]
[www.ihateironing.com/blog/2015/05/19/index.html]
[www.ihateironing.com/blog/wp-content/uploads/2015/09/helen-resized-330x245.jpg]
[www.ihateironing.com/blog/dry-cleaners-in-crouch-end/index.html]
[www.ihateironing.com/blog/wp-content/uploads/2015/07/fulham-952x544-330x245.jpg]
[www.ihateironing.com/blog/page/5/index.html]
[www.ihateironing.com/blog/2015/04/28/index.html]
[www.ihateironing.com/blog/2014/09/22/index.html]
[www.ihateironing.com/blog/greenwich-dry-cleaners/index.html]
[www.ihateironing.com/blog/meet-the-team-helen/index.html]
[www.ihateironing.com/blog/2014/07/15/index.html]
[www.ihateironing.com/blog/wp-json/wp/v2/posts/1937.json]
[www.ihateironing.com/blog/dry-cleaners-in-fulham/index.html]
[www.ihateironing.com/blog/wp-json/oembed/1.0/embedad31.json]
[www.ihateironing.com/blog/wp-json/oembed/1.0/embede4cf]
[www.ihateironing.com/blog/5-ways-get-a-good-nights-sleep/feed/index.html]
[www.ihateironing.com/blog/wp-content/uploads/2016/05/pillows_952x544.jpg]
[www.ihateironing.com/blog/wp-logine72c.html]
[www.ihateironing.com/blog/5-ways-get-a-good-nights-sleep/index.html]
[www.ihateironing.com/blog/2016/05/23/index.html]
[www.ihateironing.com/blog/wp-json/wp/v2/posts/1960.json]
[www.ihateironing.com/blog/wp-json/oembed/1.0/embedb15e.json]
[www.ihateironing.com/blog/declutter-your-home-30-days/feed/index.html]
[www.ihateironing.com/blog/wp-json/oembed/1.0/embede2c1]
[www.ihateironing.com/blog/wp-content/uploads/2017/01/bedroom-resize.jpg]
[www.ihateironing.com/blog/declutter-your-home-30-days/index.html]
[www.ihateironing.com/blog/2016/05/19/index.html]
[www.ihateironing.com/blog/wp-json/wp/v2/posts/508.json]
[www.ihateironing.com/blog/wp-json/oembed/1.0/embeded75.json]
[www.ihateironing.com/blog/5-ways-organise-life/feed/index.html]
[www.ihateironing.com/blog/wp-json/oembed/1.0/embedb406]
[www.ihateironing.com/blog/wp-content/uploads/2016/04/puzzle-952x544.jpg]
[www.ihateironing.com/blog/wp-loginfc6f.html]
[www.ihateironing.com/blog/5-ways-organise-life/index.html]
[www.ihateironing.com/blog/wp-content/uploads/2016/04/puzzle-952x544-500x280.jpg]
[www.ihateironing.com/blog/2016/04/29/index.html]
[www.ihateironing.com/blog/wp-json/wp/v2/posts/378.json]
[www.ihateironing.com/blog/wp-json/oembed/1.0/embedbbbb.json]
[www.ihateironing.com/blog/history-of-dry-cleaning/feed/index.html]
[www.ihateironing.com/blog/wp-json/oembed/1.0/embedcd9d]
[www.ihateironing.com/blog/wp-content/uploads/2015/07/shirts-952x544.jpg]
[www.ihateironing.com/blog/wp-login2679.html]
[www.ihateironing.com/blog/history-of-dry-cleaning/index.html]
[www.ihateironing.com/blog/wp-content/uploads/2015/07/shirts-952x544-500x280.jpg]
[www.ihateironing.com/blog/2015/09/21/index.html]
[www.ihateironing.com/blog/wp-json/wp/v2/posts/286.json]
[www.ihateironing.com/blog/wp-json/oembed/1.0/embed4b6f.json]
[www.ihateironing.com/blog/dry-cleaners-in-kingston/feed/index.html]
[www.ihateironing.com/blog/wp-json/oembed/1.0/embed6534]
[www.ihateironing.com/blog/wp-content/uploads/2015/08/kingston-952x700.jpg]
[www.ihateironing.com/blog/wp-login8792.html]
[www.ihateironing.com/blog/dry-cleaners-in-kingston/index.html]
[www.ihateironing.com/blog/wp-content/uploads/2015/08/kingston-952x700-500x280.jpg]
[www.ihateironing.com/blog/2015/08/20/index.html]
[www.ihateironing.com/blog/wp-json/wp/v2/posts/1333.json]
[www.ihateironing.com/blog/wp-json/oembed/1.0/embed1b2a.json]
[www.ihateironing.com/blog/dry-cleaners-windsor-meet-the-masters/feed/index.html]
[www.ihateironing.com/blog/wp-json/oembed/1.0/embedfb95]
[www.ihateironing.com/blog/wp-content/uploads/2016/08/windsor_951x544.jpg]
[www.ihateironing.com/blog/wp-login66f9.html]
[www.ihateironing.com/blog/dry-cleaners-windsor-meet-the-masters/index.html]
[www.ihateironing.com/blog/wp-content/uploads/2016/08/windsor_951x544-500x280.jpg]
[www.ihateironing.com/blog/wp-content/uploads/2016/08/kensington_952x544-500x280.jpg]
[www.ihateironing.com/blog/2015/08/04/index.html]
[www.ihateironing.com/blog/wp-json/wp/v2/posts/1351.json]
[www.ihateironing.com/blog/wp-json/oembed/1.0/embed8a3d.json]
[www.ihateironing.com/blog/kensington-dry-cleaners-meet-masters/feed/index.html]
[www.ihateironing.com/blog/wp-json/oembed/1.0/embed5d21]
[www.ihateironing.com/blog/wp-content/uploads/2016/08/kensington_952x544.jpg]
[www.ihateironing.com/blog/wp-logina813.html]
[www.ihateironing.com/blog/kensington-dry-cleaners-meet-masters/index.html]
[www.ihateironing.com/blog/wp-json/wp/v2/posts/178.json]
[www.ihateironing.com/blog/wp-json/oembed/1.0/embed4da1.json]
[www.ihateironing.com/blog/basecamp-customer-service/feed/index.html]
[www.ihateironing.com/blog/wp-json/oembed/1.0/embed512e]
[www.ihateironing.com/blog/wp-content/uploads/2015/07/night-839807-988x555.jpg]
[www.ihateironing.com/blog/author/ihateironing/index.html]
[www.ihateironing.com/blog/wp-login94ed.html]
[www.ihateironing.com/blog/basecamp-customer-service/index.html]
[www.ihateironing.com/blog/wp-content/uploads/2015/07/night-839807-500x280.jpg]
[www.ihateironing.com/blog/2015/07/31/index.html]
[www.ihateironing.com/blog/wp-json/wp/v2/posts/1144.json]
[www.ihateironing.com/blog/wp-json/oembed/1.0/embed3366.json]
[www.ihateironing.com/blog/dry-cleaners-in-canary-wharf/feed/index.html]
[www.ihateironing.com/blog/wp-json/oembed/1.0/embedd41b]
[www.ihateironing.com/blog/wp-content/uploads/2016/07/canary-wharf951x544.jpg]
[www.ihateironing.com/blog/wp-login4acf.html]
[www.ihateironing.com/blog/dry-cleaners-in-canary-wharf/index.html]
[www.ihateironing.com/blog/wp-content/uploads/2016/07/canary-wharf951x544-500x280.jpg]
[www.ihateironing.com/blog/2015/07/26/index.html]
[www.ihateironing.com/blog/wp-json/wp/v2/posts/963.json]
[www.ihateironing.com/blog/wp-json/oembed/1.0/embedd32e.json]
[www.ihateironing.com/blog/dry-cleaners-in-maida-vale/feed/index.html]
[www.ihateironing.com/blog/wp-json/oembed/1.0/embeda5cc]
[www.ihateironing.com/blog/wp-content/uploads/2016/07/maida-vale_951x544.jpg]
[www.ihateironing.com/blog/wp-loginad10.html]
[www.ihateironing.com/blog/dry-cleaners-in-maida-vale/index.html]
[www.ihateironing.com/blog/wp-content/uploads/2016/07/maida-vale_951x544-500x280.jpg]
[www.ihateironing.com/blog/2015/07/15/index.html]
[www.ihateironing.com/blog/wp-json/wp/v2/posts/940.json]
[www.ihateironing.com/blog/wp-json/oembed/1.0/embedcfc4.json]
[www.ihateironing.com/blog/dry-cleaners-in-clapham/feed/index.html]
[www.ihateironing.com/blog/wp-json/oembed/1.0/embed53b0]
[www.ihateironing.com/blog/wp-content/uploads/2016/07/clapham-951x544.jpg]
[www.ihateironing.com/blog/wp-login2741.html]
[www.ihateironing.com/blog/dry-cleaners-in-clapham/index.html]
[www.ihateironing.com/blog/wp-content/uploads/2016/07/clapham-951x544-500x280.jpg]
[www.ihateironing.com/blog/2015/07/11/index.html]
[www.ihateironing.com/blog/index9a49.html]
[www.ihateironing.com/blog/wp-logind190.html]
[www.ihateironing.com/blog/index133c.html]
[www.ihateironing.com/blog/wp-login7ca3.html]
[www.ihateironing.com/blog/index6752.html]
[www.ihateironing.com/blog/wp-login8ba1.html]
[www.ihateironing.com/blog/index952b.html]
[www.ihateironing.com/blog/wp-json/wp/v2/tags/13.json]
[www.ihateironing.com/blog/tag/inbox-zero/index.html]
[www.ihateironing.com/blog/tag/inbox-zero/feed/index.html]
[www.ihateironing.com/blog/wp-json/wp/v2/tags/10.json]
[www.ihateironing.com/blog/tag/productivity/index.html]
[www.ihateironing.com/blog/tag/productivity/feed/index.html]
[www.ihateironing.com/blog/wp-json/wp/v2/tags/12.json]
[www.ihateironing.com/blog/tag/save-time/index.html]
[www.ihateironing.com/blog/tag/save-time/feed/index.html]
[www.ihateironing.com/blog/wp-json/wp/v2/tags/11.json]
[www.ihateironing.com/blog/tag/tools/index.html]
[www.ihateironing.com/blog/wp-loginb9a2.html]
[www.ihateironing.com/blog/index7a6c.html]
[www.ihateironing.com/blog/wp-loginbee7.html]
[www.ihateironing.com/blog/indexa730.html]
[www.ihateironing.com/blog/wp-loginead8.html]
[www.ihateironing.com/blog/index7e0f.html]
[www.ihateironing.com/blog/wp-loginb7d0.html]
[www.ihateironing.com/blog/index652f.html]
[www.ihateironing.com/blog/wp-login79be.html]
[www.ihateironing.com/blog/index5907.html]
[www.ihateironing.com/blog/wp-login940b.html]
[www.ihateironing.com/blog/index6cf2.html]
[www.ihateironing.com/blog/wp-login379a.html]
[www.ihateironing.com/blog/index049d.html]
[www.ihateironing.com/blog/wp-login235e.html]
[www.ihateironing.com/blog/wp-admin/images/wordpress-logo7d6b.svg]
[www.ihateironing.com/blog/wp-login.html]
[www.ihateironing.com/blog/index71c1.html]
[iron.tmweb.ru/wp-content/uploads/2020/06/Eco-icon.png]
[www.ihateironing.com/blog/tag/tools/feed/index.html]
[www.ihateironing.com/blog/wp-json/wp/v2/posts/928.json]
[www.ihateironing.com/blog/wp-json/oembed/1.0/embedd9d8.json]
[www.ihateironing.com/blog/dry-cleaners-in-croydon-meet-the-masters/feed/index.html]
[www.ihateironing.com/blog/wp-json/oembed/1.0/embed0f1f]
[www.ihateironing.com/blog/wp-loginef48.html]
[www.ihateironing.com/blog/dry-cleaners-in-croydon-meet-the-masters/index.html]
[www.ihateironing.com/blog/2015/07/06/index.html]
[www.ihateironing.com/blog/wp-json/wp/v2/posts/558.json]
[www.ihateironing.com/blog/wp-json/oembed/1.0/embeda66d.json]
[www.ihateironing.com/blog/dry-cleaners-in-crouch-end/feed/index.html]
[www.ihateironing.com/blog/wp-json/oembed/1.0/embed1e2c]
[www.ihateironing.com/blog/wp-content/uploads/2016/05/crouch-end_952x544.jpg]
[www.ihateironing.com/blog/wp-login4ddc.html]
[www.ihateironing.com/blog/dry-cleaners-in-crouch-end/index.html]
[www.ihateironing.com/blog/wp-content/uploads/2016/05/crouch-end_952x544-500x280.jpg]
[www.ihateironing.com/blog/2015/05/19/index.html]
[www.ihateironing.com/blog/wp-json/wp/v2/posts/489.json]
[www.ihateironing.com/blog/wp-json/oembed/1.0/embed3136.json]
[www.ihateironing.com/blog/greenwich-dry-cleaners/feed/index.html]
[www.ihateironing.com/blog/wp-json/oembed/1.0/embeda05f]
[www.ihateironing.com/blog/wp-content/uploads/2016/04/greenwich_951x544.jpg]
[www.ihateironing.com/blog/wp-login5dfe.html]
[www.ihateironing.com/blog/greenwich-dry-cleaners/index.html]
[www.ihateironing.com/blog/wp-content/uploads/2016/04/greenwich_951x544-500x280.jpg]
[www.ihateironing.com/blog/2015/04/28/index.html]
[www.ihateironing.com/blog/wp-json/wp/v2/posts/411.json]
[www.ihateironing.com/blog/wp-json/oembed/1.0/embedbe64.json]
[www.ihateironing.com/blog/meet-the-team-helen/feed/index.html]
[www.ihateironing.com/blog/wp-json/oembed/1.0/embed65e0]
[www.ihateironing.com/blog/wp-content/uploads/2015/09/helen-resized.jpg]
[www.ihateironing.com/blog/wp-login7964.html]
[www.ihateironing.com/blog/meet-the-team-helen/index.html]
[www.ihateironing.com/blog/wp-content/uploads/2015/09/helen-resized-500x280.jpg]
[www.ihateironing.com/blog/2014/09/22/index.html]
[www.ihateironing.com/blog/wp-json/wp/v2/posts/254.json]
[www.ihateironing.com/blog/wp-json/oembed/1.0/embeda63a.json]
[www.ihateironing.com/blog/dry-cleaners-in-fulham/feed/index.html]
[www.ihateironing.com/blog/wp-json/oembed/1.0/embed700d]
[www.ihateironing.com/blog/wp-content/uploads/2015/07/fulham-952x544.jpg]
[www.ihateironing.com/blog/wp-login6fc9.html]
[www.ihateironing.com/blog/dry-cleaners-in-fulham/index.html]
[www.ihateironing.com/blog/wp-content/uploads/2015/07/fulham-952x544-500x280.jpg]
[www.ihateironing.com/blog/2014/07/15/index.html]
[www.ihateironing.com/blog/indexe600.html]
[www.ihateironing.com/blog/wp-logine72c.html]
[www.ihateironing.com/blog/indexe78a.html]
[www.ihateironing.com/blog/indexa5f2.html]
[www.ihateironing.com/blog/wp-loginfc6f.html]
[www.ihateironing.com/blog/indexe8d3.html]
[www.ihateironing.com/blog/wp-login2679.html]
[www.ihateironing.com/blog/index5c97.html]
[www.ihateironing.com/blog/wp-login8792.html]
[www.ihateironing.com/blog/indexdf39.html]
[www.ihateironing.com/blog/wp-login66f9.html]
[www.ihateironing.com/blog/index48d3.html]
[www.ihateironing.com/blog/wp-logina813.html]
[www.ihateironing.com/blog/indexb50d.html]
[www.ihateironing.com/blog/wp-json/wp/v2/users/1.json]
[www.ihateironing.com/blog/author/ihateironing/index.html]
[www.ihateironing.com/blog/wp-login94ed.html]
[www.ihateironing.com/blog/index1723.html]
[www.ihateironing.com/blog/wp-login4acf.html]
[www.ihateironing.com/blog/indexc9f9.html]
[www.ihateironing.com/blog/wp-loginad10.html]
[www.ihateironing.com/blog/indexb253.html]
[www.ihateironing.com/blog/wp-login2741.html]
[iron.tmweb.ru/wp-content/uploads/2020/03/matt.connelly-e1584107906421.jpg]
[iron.tmweb.ru/wp-content/uploads/2020/03/matt.connelly-e1584107906421-300x300.jpg]
[iron.tmweb.ru/wp-content/uploads/2020/01/delivery-lg.531f232a0795-min-1-1.jpg]
[iron.tmweb.ru/wp-content/uploads/2018/07/ihateironing-08.jpg]
[iron.tmweb.ru/wp-content/uploads/2018/07/ihateironing-08-300x207.jpg]
[iron.tmweb.ru/wp-content/uploads/2017/01/cookie1-e1484651521150.jpg]
[iron.tmweb.ru/wp-content/uploads/2017/01/cookie1-e1484651521150-300x300.jpg]
[iron.tmweb.ru/wp-content/uploads/2017/01/lime-cheesecake-cropped-e1484659625270.jpg]
[iron.tmweb.ru/wp-content/uploads/2017/01/crumble-e1484665039136.jpg]
[www.ihateironing.com/blog/indexf065.html]
[www.ihateironing.com/blog/wp-loginef48.html]
[www.ihateironing.com/blog/index193e.html]
[www.ihateironing.com/blog/wp-login4ddc.html]
[www.ihateironing.com/blog/indexb645.html]
[www.ihateironing.com/blog/wp-login5dfe.html]
[www.ihateironing.com/blog/index8eaf.html]
[www.ihateironing.com/blog/wp-login7964.html]
[www.ihateironing.com/blog/index6233.html]
[www.ihateironing.com/blog/wp-login6fc9.html]
[www.ihateironing.com/blog/author/ihateironing/feed/index.html]
[iron.tmweb.ru/wp-content/uploads/2017/01/xai-pain-solution-a-1_500x281.png]
[iron.tmweb.ru/wp-content/uploads/2017/01/xai-scheduling-preferences-a-500x320.png]
[iron.tmweb.ru/wp-content/uploads/2017/01/xai-scheduling-preferences-b_500x221.png]
[iron.tmweb.ru/wp-content/uploads/2017/01/doodle_500x333.png]
[iron.tmweb.ru/wp-content/uploads/2017/01/boomerang-logo_500x281.png]
[iron.tmweb.ru/wp-content/uploads/2017/01/Boomerangmenu.png]
[iron.tmweb.ru/wp-content/uploads/2017/01/rescue-time_500x217.png]
[iron.tmweb.ru/wp-content/uploads/2017/01/rescue-time-b-500x180.png]
[iron.tmweb.ru/wp-content/uploads/2017/01/rescue-time-c-500x352.png]
[iron.tmweb.ru/wp-content/uploads/2017/01/focus-a.png]
[iron.tmweb.ru/wp-content/uploads/2017/01/focus-b.png]
[iron.tmweb.ru/wp-content/uploads/2017/01/focus-c_500x358.png]
[iron.tmweb.ru/wp-content/uploads/2017/01/turn-off-outlook-notification.jpg]
[iron.tmweb.ru/wp-content/uploads/2017/01/how-to-turn-off-outlook-email-notification_500x407.jpg]
[iron.tmweb.ru/wp-content/uploads/2017/01/IHI_app_500x463.png]
[iron.tmweb.ru/wp-content/uploads/2017/01/IHI_Choose-Address_ihateironing_600X1067.png]
[iron.tmweb.ru/wp-content/uploads/2017/01/IHI_Choose-Timeslot_ihateironing_600X1067.png]
[iron.tmweb.ru/wp-content/uploads/2017/01/IHI_Track-Order_ihateironing_600X1067.jpg]
[iron.tmweb.ru/wp-content/uploads/2016/12/24439352150_cd5aa5710f_z.jpg]
[iron.tmweb.ru/wp-content/uploads/2016/12/24439352150_cd5aa5710f_z-300x225.jpg]
[iron.tmweb.ru/wp-content/uploads/2016/09/modernist-utility-a.jpg]
[iron.tmweb.ru/wp-content/uploads/2016/09/modernist-utility-b.jpg]
[iron.tmweb.ru/wp-content/uploads/2016/09/Petal-Effect-A.jpg]
[iron.tmweb.ru/wp-content/uploads/2016/09/red-brick-a.jpg]
[iron.tmweb.ru/wp-content/uploads/2016/09/zip-it-a.jpg]
[iron.tmweb.ru/wp-content/uploads/2016/09/pyjama-a.jpg]
[iron.tmweb.ru/wp-content/uploads/2016/09/blush-a.jpg]
[iron.tmweb.ru/wp-content/uploads/2016/09/palazzo-pants-a.jpg]
[iron.tmweb.ru/wp-content/uploads/2016/09/patched-up-a.jpg]
[iron.tmweb.ru/wp-content/uploads/2016/09/back-details-a.jpg]
[iron.tmweb.ru/wp-content/uploads/2016/09/folk-a.jpg]
[iron.tmweb.ru/wp-content/uploads/2016/06/8227708355_41aaa49160_z.jpg]
[iron.tmweb.ru/wp-content/uploads/2016/06/COLLARS.jpg]
[iron.tmweb.ru/wp-content/uploads/2016/06/CUFFS.jpg]
[iron.tmweb.ru/wp-content/uploads/2016/06/tumblr_nl9a4xoKaz1spmszio1_540.jpg]
[iron.tmweb.ru/wp-content/uploads/2016/06/tumblr_nbs6u23mXn1spmszio1_1280-313x1024.jpg]
[iron.tmweb.ru/wp-content/uploads/2016/06/tumblr_nvaaktQEM01spmszio1_1280-193x1024.jpg]
[iron.tmweb.ru/wp-content/uploads/2016/05/pillows-820149_1280-1-1024x682.jpg]
[iron.tmweb.ru/wp-content/uploads/2016/05/morning-1092771_1920-1024x678.jpg]
[iron.tmweb.ru/wp-content/uploads/2016/05/bath-465577_1920-1024x681.jpg]
[iron.tmweb.ru/wp-content/uploads/2016/05/sleeping-1159279_1920-1-1024x523.jpg]
[iron.tmweb.ru/wp-content/uploads/2017/06/ihateironing.jpg]
[iron.tmweb.ru/wp-content/uploads/2017/06/ihateironing-212x300.jpg]
[iron.tmweb.ru/wp-content/uploads/2016/04/paper-606649_960_720.jpg]
[iron.tmweb.ru/wp-content/uploads/2016/04/home-820389_960_720.jpg]
[iron.tmweb.ru/wp-content/uploads/2016/04/garbagebag-1318456.jpg]
[iron.tmweb.ru/wp-content/uploads/2016/04/office-620822_960_720-1-2.jpg]
[iron.tmweb.ru/wp-content/uploads/2015/01/Screen-Shot-2015-03-05-at-23.57.48.png]
[iron.tmweb.ru/wp-content/uploads/2015/07/Screen-Shot-2015-08-12-at-15.07.10.png]
[iron.tmweb.ru/wp-content/uploads/2015/07/Screen-Shot-2015-08-12-at-15.07.42.png]
